Sep  1 16:29:25 cu-cs-vm rsyslogd: [origin software="rsyslogd" swVersion="8.16.0" x-pid="1798" x-info="http://www.rsyslog.com"] rsyslogd was HUPed
Sep  1 16:31:36 cu-cs-vm anacron[1738]: Job `cron.daily' terminated (mailing output)
Sep  1 16:31:36 cu-cs-vm anacron[1738]: Can't find sendmail at /usr/sbin/sendmail, not mailing output
Sep  1 16:31:36 cu-cs-vm anacron[1738]: anacron: Can't find sendmail at /usr/sbin/sendmail, not mailing output
Sep  1 16:31:54 cu-cs-vm anacron[1738]: Job `cron.weekly' started
Sep  1 16:31:54 cu-cs-vm anacron[2695]: Updated timestamp for job `cron.weekly' to 2016-09-01
Sep  1 16:31:54 cu-cs-vm uptimed: moving up to position 4: 0 days, 00:10:07
Sep  1 16:31:56 cu-cs-vm anacron[1738]: Job `cron.weekly' terminated
Sep  1 16:31:56 cu-cs-vm anacron[1738]: Normal exit (2 jobs run)
Sep  1 16:44:33 cu-cs-vm rsyslogd: [origin software="rsyslogd" swVersion="8.16.0" x-pid="1800" x-info="http://www.rsyslog.com"] start
Sep  1 16:44:33 cu-cs-vm rsyslogd-2222: command 'KLogPermitNonKernelFacility' is currently not permitted - did you already set it via a RainerScript command (v6+ config)? [v8.16.0 try http://www.rsyslog.com/e/2222 ]
Sep  1 16:44:33 cu-cs-vm rsyslogd: rsyslogd's groupid changed to 108
Sep  1 16:44:33 cu-cs-vm rsyslogd: rsyslogd's userid changed to 104
Sep  1 16:44:33 cu-cs-vm kernel: [    0.000000] Initializing cgroup subsys cpuset
Sep  1 16:44:33 cu-cs-vm kernel: [    0.000000] Initializing cgroup subsys cpu
Sep  1 16:44:33 cu-cs-vm kernel: [    0.000000] Initializing cgroup subsys cpuacct
Sep  1 16:44:33 cu-cs-vm kernel: [    0.000000] Linux version 4.4.0-34-generic (buildd@lgw01-20) (gcc version 5.3.1 20160413 (Ubuntu 5.3.1-14ubuntu2.1) ) #53-Ubuntu SMP Wed Jul 27 16:06:39 UTC 2016 (Ubuntu 4.4.0-34.53-generic 4.4.15)
Sep  1 16:44:33 cu-cs-vm kernel: [    0.000000] Command line: BOOT_IMAGE=/@/boot/vmlinuz-4.4.0-34-generic root=UUID=7edb9fb6-5937-400b-b2d4-95dbf988ef57 ro rootflags=subvol=@ crashkernel=384M-:128M
Sep  1 16:44:33 cu-cs-vm kernel: [    0.000000] KERNEL supported cpus:
Sep  1 16:44:33 cu-cs-vm kernel: [    0.000000]   Intel GenuineIntel
Sep  1 16:44:33 cu-cs-vm kernel: [    0.000000]   AMD AuthenticAMD
Sep  1 16:44:33 cu-cs-vm kernel: [    0.000000]   Centaur CentaurHauls
Sep  1 16:44:33 cu-cs-vm kernel: [    0.000000] x86/fpu: xstate_offset[2]:  576, xstate_sizes[2]:  256
Sep  1 16:44:33 cu-cs-vm kernel: [    0.000000] x86/fpu: Supporting XSAVE feature 0x01: 'x87 floating point registers'
Sep  1 16:44:33 cu-cs-vm kernel: [    0.000000] x86/fpu: Supporting XSAVE feature 0x02: 'SSE registers'
Sep  1 16:44:33 cu-cs-vm kernel: [    0.000000] x86/fpu: Supporting XSAVE feature 0x04: 'AVX registers'
Sep  1 16:44:33 cu-cs-vm kernel: [    0.000000] x86/fpu: Enabled xstate features 0x7, context size is 832 bytes, using 'standard' format.
Sep  1 16:44:33 cu-cs-vm kernel: [    0.000000] x86/fpu: Using 'lazy' FPU context switches.
Sep  1 16:44:33 cu-cs-vm kernel: [    0.000000] e820: BIOS-provided physical RAM map:
Sep  1 16:44:33 cu-cs-vm kernel: [    0.000000] BIOS-e820: [mem 0x0000000000000000-0x000000000009fbff] usable
Sep  1 16:44:33 cu-cs-vm kernel: [    0.000000] BIOS-e820: [mem 0x000000000009fc00-0x000000000009ffff] reserved
Sep  1 16:44:33 cu-cs-vm kernel: [    0.000000] BIOS-e820: [mem 0x00000000000f0000-0x00000000000fffff] reserved
Sep  1 16:44:33 cu-cs-vm kernel: [    0.000000] BIOS-e820: [mem 0x0000000000100000-0x000000007ffeffff] usable
Sep  1 16:44:33 cu-cs-vm kernel: [    0.000000] BIOS-e820: [mem 0x000000007fff0000-0x000000007fffffff] ACPI data
Sep  1 16:44:33 cu-cs-vm kernel: [    0.000000] BIOS-e820: [mem 0x00000000fffc0000-0x00000000ffffffff] reserved
Sep  1 16:44:33 cu-cs-vm kernel: [    0.000000] NX (Execute Disable) protection: active
Sep  1 16:44:33 cu-cs-vm kernel: [    0.000000] SMBIOS 2.5 present.
Sep  1 16:44:33 cu-cs-vm kernel: [    0.000000] DMI: innotek GmbH VirtualBox/VirtualBox, BIOS VirtualBox 12/01/2006
Sep  1 16:44:33 cu-cs-vm kernel: [    0.000000] Hypervisor detected: KVM
Sep  1 16:44:33 cu-cs-vm kernel: [    0.000000] e820: update [mem 0x00000000-0x00000fff] usable ==> reserved
Sep  1 16:44:33 cu-cs-vm kernel: [    0.000000] e820: remove [mem 0x000a0000-0x000fffff] usable
Sep  1 16:44:33 cu-cs-vm kernel: [    0.000000] e820: last_pfn = 0x7fff0 max_arch_pfn = 0x400000000
Sep  1 16:44:33 cu-cs-vm kernel: [    0.000000] MTRR default type: uncachable
Sep  1 16:44:33 cu-cs-vm kernel: [    0.000000] MTRR variable ranges disabled:
Sep  1 16:44:33 cu-cs-vm kernel: [    0.000000] x86/PAT: Configuration [0-7]: WB  WC  UC- UC  WB  WC  UC- WT  
Sep  1 16:44:33 cu-cs-vm kernel: [    0.000000] MTRR: Disabled
Sep  1 16:44:33 cu-cs-vm kernel: [    0.000000] CPU MTRRs all blank - virtualized system.
Sep  1 16:44:33 cu-cs-vm kernel: [    0.000000] found SMP MP-table at [mem 0x0009fff0-0x0009ffff] mapped at [ffff88000009fff0]
Sep  1 16:44:33 cu-cs-vm kernel: [    0.000000] Scanning 1 areas for low memory corruption
Sep  1 16:44:33 cu-cs-vm kernel: [    0.000000] Base memory trampoline at [ffff880000099000] 99000 size 24576
Sep  1 16:44:33 cu-cs-vm kernel: [    0.000000] BRK [0x02200000, 0x02200fff] PGTABLE
Sep  1 16:44:33 cu-cs-vm kernel: [    0.000000] BRK [0x02201000, 0x02201fff] PGTABLE
Sep  1 16:44:33 cu-cs-vm kernel: [    0.000000] BRK [0x02202000, 0x02202fff] PGTABLE
Sep  1 16:44:33 cu-cs-vm kernel: [    0.000000] BRK [0x02203000, 0x02203fff] PGTABLE
Sep  1 16:44:33 cu-cs-vm kernel: [    0.000000] BRK [0x02204000, 0x02204fff] PGTABLE
Sep  1 16:44:33 cu-cs-vm kernel: [    0.000000] RAMDISK: [mem 0x33a58000-0x35d23fff]
Sep  1 16:44:33 cu-cs-vm kernel: [    0.000000] ACPI: Early table checksum verification disabled
Sep  1 16:44:33 cu-cs-vm kernel: [    0.000000] ACPI: RSDP 0x00000000000E0000 000024 (v02 VBOX  )
Sep  1 16:44:33 cu-cs-vm kernel: [    0.000000] ACPI: XSDT 0x000000007FFF0030 00003C (v01 VBOX   VBOXXSDT 00000001 ASL  00000061)
Sep  1 16:44:33 cu-cs-vm kernel: [    0.000000] ACPI: FACP 0x000000007FFF00F0 0000F4 (v04 VBOX   VBOXFACP 00000001 ASL  00000061)
Sep  1 16:44:33 cu-cs-vm kernel: [    0.000000] ACPI: DSDT 0x000000007FFF0470 002106 (v01 VBOX   VBOXBIOS 00000002 INTL 20100528)
Sep  1 16:44:33 cu-cs-vm kernel: [    0.000000] ACPI: FACS 0x000000007FFF0200 000040
Sep  1 16:44:33 cu-cs-vm kernel: [    0.000000] ACPI: FACS 0x000000007FFF0200 000040
Sep  1 16:44:33 cu-cs-vm kernel: [    0.000000] ACPI: APIC 0x000000007FFF0240 00005C (v02 VBOX   VBOXAPIC 00000001 ASL  00000061)
Sep  1 16:44:33 cu-cs-vm kernel: [    0.000000] ACPI: SSDT 0x000000007FFF02A0 0001CC (v01 VBOX   VBOXCPUT 00000002 INTL 20100528)
Sep  1 16:44:33 cu-cs-vm kernel: [    0.000000] ACPI: Local APIC address 0xfee00000
Sep  1 16:44:33 cu-cs-vm kernel: [    0.000000] No NUMA configuration found
Sep  1 16:44:33 cu-cs-vm kernel: [    0.000000] Faking a node at [mem 0x0000000000000000-0x000000007ffeffff]
Sep  1 16:44:33 cu-cs-vm kernel: [    0.000000] NODE_DATA(0) allocated [mem 0x7ffeb000-0x7ffeffff]
Sep  1 16:44:33 cu-cs-vm kernel: [    0.000000] Reserving 128MB of memory at 688MB for crashkernel (System RAM: 2047MB)
Sep  1 16:44:33 cu-cs-vm kernel: [    0.000000] kvm-clock: Using msrs 4b564d01 and 4b564d00
Sep  1 16:44:33 cu-cs-vm kernel: [    0.000000] kvm-clock: cpu 0, msr 0:7ffe7001, primary cpu clock
Sep  1 16:44:33 cu-cs-vm kernel: [    0.000000] kvm-clock: using sched offset of 12198642224 cycles
Sep  1 16:44:33 cu-cs-vm kernel: [    0.000000] clocksource: kvm-clock: mask: 0xffffffffffffffff max_cycles: 0x1cd42e4dffb, max_idle_ns: 881590591483 ns
Sep  1 16:44:33 cu-cs-vm kernel: [    0.000000] Zone ranges:
Sep  1 16:44:33 cu-cs-vm kernel: [    0.000000]   DMA      [mem 0x0000000000001000-0x0000000000ffffff]
Sep  1 16:44:33 cu-cs-vm kernel: [    0.000000]   DMA32    [mem 0x0000000001000000-0x000000007ffeffff]
Sep  1 16:44:33 cu-cs-vm kernel: [    0.000000]   Normal   empty
Sep  1 16:44:33 cu-cs-vm kernel: [    0.000000]   Device   empty
Sep  1 16:44:33 cu-cs-vm kernel: [    0.000000] Movable zone start for each node
Sep  1 16:44:33 cu-cs-vm kernel: [    0.000000] Early memory node ranges
Sep  1 16:44:33 cu-cs-vm kernel: [    0.000000]   node   0: [mem 0x0000000000001000-0x000000000009efff]
Sep  1 16:44:33 cu-cs-vm kernel: [    0.000000]   node   0: [mem 0x0000000000100000-0x000000007ffeffff]
Sep  1 16:44:33 cu-cs-vm kernel: [    0.000000] Initmem setup node 0 [mem 0x0000000000001000-0x000000007ffeffff]
Sep  1 16:44:33 cu-cs-vm kernel: [    0.000000] On node 0 totalpages: 524174
Sep  1 16:44:33 cu-cs-vm kernel: [    0.000000]   DMA zone: 64 pages used for memmap
Sep  1 16:44:33 cu-cs-vm kernel: [    0.000000]   DMA zone: 21 pages reserved
Sep  1 16:44:33 cu-cs-vm kernel: [    0.000000]   DMA zone: 3998 pages, LIFO batch:0
Sep  1 16:44:33 cu-cs-vm kernel: [    0.000000]   DMA32 zone: 8128 pages used for memmap
Sep  1 16:44:33 cu-cs-vm kernel: [    0.000000]   DMA32 zone: 520176 pages, LIFO batch:31
Sep  1 16:44:33 cu-cs-vm kernel: [    0.000000] ACPI: PM-Timer IO Port: 0x4008
Sep  1 16:44:33 cu-cs-vm kernel: [    0.000000] ACPI: Local APIC address 0xfee00000
Sep  1 16:44:33 cu-cs-vm kernel: [    0.000000] IOAPIC[0]: apic_id 2, version 17, address 0xfec00000, GSI 0-23
Sep  1 16:44:33 cu-cs-vm kernel: [    0.000000] ACPI: INT_SRC_OVR (bus 0 bus_irq 0 global_irq 2 dfl dfl)
Sep  1 16:44:33 cu-cs-vm kernel: [    0.000000] ACPI: INT_SRC_OVR (bus 0 bus_irq 9 global_irq 9 high level)
Sep  1 16:44:33 cu-cs-vm kernel: [    0.000000] ACPI: IRQ0 used by override.
Sep  1 16:44:33 cu-cs-vm kernel: [    0.000000] ACPI: IRQ9 used by override.
Sep  1 16:44:33 cu-cs-vm kernel: [    0.000000] Using ACPI (MADT) for SMP configuration information
Sep  1 16:44:33 cu-cs-vm kernel: [    0.000000] smpboot: Allowing 2 CPUs, 0 hotplug CPUs
Sep  1 16:44:33 cu-cs-vm kernel: [    0.000000] PM: Registered nosave memory: [mem 0x00000000-0x00000fff]
Sep  1 16:44:33 cu-cs-vm kernel: [    0.000000] PM: Registered nosave memory: [mem 0x0009f000-0x0009ffff]
Sep  1 16:44:33 cu-cs-vm kernel: [    0.000000] PM: Registered nosave memory: [mem 0x000a0000-0x000effff]
Sep  1 16:44:33 cu-cs-vm kernel: [    0.000000] PM: Registered nosave memory: [mem 0x000f0000-0x000fffff]
Sep  1 16:44:33 cu-cs-vm kernel: [    0.000000] e820: [mem 0x80000000-0xfffbffff] available for PCI devices
Sep  1 16:44:33 cu-cs-vm kernel: [    0.000000] Booting paravirtualized kernel on KVM
Sep  1 16:44:33 cu-cs-vm kernel: [    0.000000] clocksource: refined-jiffies: mask: 0xffffffff max_cycles: 0xffffffff, max_idle_ns: 7645519600211568 ns
Sep  1 16:44:33 cu-cs-vm kernel: [    0.000000] setup_percpu: NR_CPUS:256 nr_cpumask_bits:256 nr_cpu_ids:2 nr_node_ids:1
Sep  1 16:44:33 cu-cs-vm kernel: [    0.000000] PERCPU: Embedded 33 pages/cpu @ffff88007fc00000 s98008 r8192 d28968 u1048576
Sep  1 16:44:33 cu-cs-vm kernel: [    0.000000] pcpu-alloc: s98008 r8192 d28968 u1048576 alloc=1*2097152
Sep  1 16:44:33 cu-cs-vm kernel: [    0.000000] pcpu-alloc: [0] 0 1 
Sep  1 16:44:33 cu-cs-vm kernel: [    0.000000] PV qspinlock hash table entries: 256 (order: 0, 4096 bytes)
Sep  1 16:44:33 cu-cs-vm kernel: [    0.000000] Built 1 zonelists in Node order, mobility grouping on.  Total pages: 515961
Sep  1 16:44:33 cu-cs-vm kernel: [    0.000000] Policy zone: DMA32
Sep  1 16:44:33 cu-cs-vm kernel: [    0.000000] Kernel command line: BOOT_IMAGE=/@/boot/vmlinuz-4.4.0-34-generic root=UUID=7edb9fb6-5937-400b-b2d4-95dbf988ef57 ro rootflags=subvol=@ crashkernel=384M-:128M
Sep  1 16:44:33 cu-cs-vm kernel: [    0.000000] PID hash table entries: 4096 (order: 3, 32768 bytes)
Sep  1 16:44:33 cu-cs-vm kernel: [    0.000000] Calgary: detecting Calgary via BIOS EBDA area
Sep  1 16:44:33 cu-cs-vm kernel: [    0.000000] Calgary: Unable to locate Rio Grande table in EBDA - bailing!
Sep  1 16:44:33 cu-cs-vm kernel: [    0.000000] Memory: 1878128K/2096696K available (8394K kernel code, 1282K rwdata, 3944K rodata, 1480K init, 1292K bss, 218568K reserved, 0K cma-reserved)
Sep  1 16:44:33 cu-cs-vm kernel: [    0.000000] SLUB: HWalign=64, Order=0-3, MinObjects=0, CPUs=2, Nodes=1
Sep  1 16:44:33 cu-cs-vm kernel: [    0.000000] Hierarchical RCU implementation.
Sep  1 16:44:33 cu-cs-vm kernel: [    0.000000] 	Build-time adjustment of leaf fanout to 64.
Sep  1 16:44:33 cu-cs-vm kernel: [    0.000000] 	RCU restricting CPUs from NR_CPUS=256 to nr_cpu_ids=2.
Sep  1 16:44:33 cu-cs-vm kernel: [    0.000000] RCU: Adjusting geometry for rcu_fanout_leaf=64, nr_cpu_ids=2
Sep  1 16:44:33 cu-cs-vm kernel: [    0.000000] NR_IRQS:16640 nr_irqs:440 16
Sep  1 16:44:33 cu-cs-vm kernel: [    0.000000] Console: colour VGA+ 80x25
Sep  1 16:44:33 cu-cs-vm kernel: [    0.000000] console [tty0] enabled
Sep  1 16:44:33 cu-cs-vm kernel: [    0.000000] tsc: Detected 2494.226 MHz processor
Sep  1 16:44:33 cu-cs-vm kernel: [    0.083630] Calibrating delay loop (skipped) preset value.. 4988.45 BogoMIPS (lpj=9976904)
Sep  1 16:44:33 cu-cs-vm kernel: [    0.084423] pid_max: default: 32768 minimum: 301
Sep  1 16:44:33 cu-cs-vm kernel: [    0.084843] ACPI: Core revision 20150930
Sep  1 16:44:33 cu-cs-vm kernel: [    0.086234] ACPI: 2 ACPI AML tables successfully acquired and loaded
Sep  1 16:44:33 cu-cs-vm kernel: [    0.086817] Security Framework initialized
Sep  1 16:44:33 cu-cs-vm kernel: [    0.087244] Yama: becoming mindful.
Sep  1 16:44:33 cu-cs-vm kernel: [    0.087625] AppArmor: AppArmor initialized
Sep  1 16:44:33 cu-cs-vm kernel: [    0.089454] Dentry cache hash table entries: 262144 (order: 9, 2097152 bytes)
Sep  1 16:44:33 cu-cs-vm kernel: [    0.090248] Inode-cache hash table entries: 131072 (order: 8, 1048576 bytes)
Sep  1 16:44:33 cu-cs-vm kernel: [    0.090872] Mount-cache hash table entries: 4096 (order: 3, 32768 bytes)
Sep  1 16:44:33 cu-cs-vm kernel: [    0.091340] Mountpoint-cache hash table entries: 4096 (order: 3, 32768 bytes)
Sep  1 16:44:33 cu-cs-vm kernel: [    0.093318] Initializing cgroup subsys io
Sep  1 16:44:33 cu-cs-vm systemd-modules-load[644]: Inserted module 'lp'
Sep  1 16:44:33 cu-cs-vm systemd-modules-load[644]: Inserted module 'ppdev'
Sep  1 16:44:33 cu-cs-vm systemd-modules-load[644]: Inserted module 'parport_pc'
Sep  1 16:44:33 cu-cs-vm loadkeys[646]: Loading /etc/console-setup/cached.kmap.gz
Sep  1 16:44:33 cu-cs-vm systemd[1]: Started Create list of required static device nodes for the current kernel.
Sep  1 16:44:33 cu-cs-vm systemd[1]: Started Load Kernel Modules.
Sep  1 16:44:33 cu-cs-vm systemd[1]: Started Set console keymap.
Sep  1 16:44:33 cu-cs-vm systemd[1]: Started Uncomplicated firewall.
Sep  1 16:44:33 cu-cs-vm systemd[1]: Started Nameserver information manager.
Sep  1 16:44:33 cu-cs-vm systemd[1]: Starting Apply Kernel Variables...
Sep  1 16:44:33 cu-cs-vm systemd[1]: Mounting FUSE Control File System...
Sep  1 16:44:33 cu-cs-vm systemd[1]: Starting Create Static Device Nodes in /dev...
Sep  1 16:44:33 cu-cs-vm systemd[1]: Mounted FUSE Control File System.
Sep  1 16:44:33 cu-cs-vm systemd[1]: Started Apply Kernel Variables.
Sep  1 16:44:33 cu-cs-vm systemd[1]: Started Create Static Device Nodes in /dev.
Sep  1 16:44:33 cu-cs-vm systemd[1]: Starting udev Kernel Device Manager...
Sep  1 16:44:33 cu-cs-vm systemd[1]: Started udev Kernel Device Manager.
Sep  1 16:44:33 cu-cs-vm systemd[1]: Starting Remount Root and Kernel File Systems...
Sep  1 16:44:33 cu-cs-vm systemd[1]: Started Remount Root and Kernel File Systems.
Sep  1 16:44:33 cu-cs-vm systemd[1]: Starting udev Coldplug all Devices...
Sep  1 16:44:33 cu-cs-vm systemd[1]: Reached target Local File Systems (Pre).
Sep  1 16:44:33 cu-cs-vm systemd[1]: Starting Load/Save Random Seed...
Sep  1 16:44:33 cu-cs-vm systemd[1]: Starting Flush Journal to Persistent Storage...
Sep  1 16:44:33 cu-cs-vm systemd[1]: Started Load/Save Random Seed.
Sep  1 16:44:33 cu-cs-vm systemd[1]: Started udev Coldplug all Devices.
Sep  1 16:44:33 cu-cs-vm systemd[1]: Started Flush Journal to Persistent Storage.
Sep  1 16:44:33 cu-cs-vm systemd[1]: Started Dispatch Password Requests to Console Directory Watch.
Sep  1 16:44:33 cu-cs-vm mtp-probe: checking bus 1, device 2: "/sys/devices/pci0000:00/0000:00:06.0/usb1/1-1"
Sep  1 16:44:33 cu-cs-vm mtp-probe: bus: 1, device: 2 was not an MTP device
Sep  1 16:44:33 cu-cs-vm systemd-udevd[763]: Process '/lib/udev/hdparm' failed with exit code 5.
Sep  1 16:44:33 cu-cs-vm systemd[1]: Found device VBOX_HARDDISK 1.
Sep  1 16:44:33 cu-cs-vm systemd[1]: Starting File System Check on /dev/disk/by-uuid/7edb9fb6-5937-400b-b2d4-95dbf988ef57...
Sep  1 16:44:33 cu-cs-vm systemd[1]: Started File System Check Daemon to report status.
Sep  1 16:44:33 cu-cs-vm systemd[1]: Started File System Check on /dev/disk/by-uuid/7edb9fb6-5937-400b-b2d4-95dbf988ef57.
Sep  1 16:44:33 cu-cs-vm systemd[1]: Mounting /home...
Sep  1 16:44:33 cu-cs-vm systemd[1]: Listening on Load/Save RF Kill Switch Status /dev/rfkill Watch.
Sep  1 16:44:33 cu-cs-vm systemd[1]: Mounted /home.
Sep  1 16:44:33 cu-cs-vm systemd[1]: Reached target Local File Systems.
Sep  1 16:44:33 cu-cs-vm systemd[1]: Starting Create Volatile Files and Directories...
Sep  1 16:44:33 cu-cs-vm systemd-tmpfiles[1416]: [/usr/lib/tmpfiles.d/var.conf:14] Duplicate line for path "/var/log", ignoring.
Sep  1 16:44:33 cu-cs-vm systemd[1]: Starting LSB: AppArmor initialization...
Sep  1 16:44:33 cu-cs-vm systemd[1]: Starting Enable support for additional executable binary formats...
Sep  1 16:44:33 cu-cs-vm systemd[1]: Starting Set console font and keymap...
Sep  1 16:44:33 cu-cs-vm systemd[1]: Starting Tell Plymouth To Write Out Runtime Data...
Sep  1 16:44:33 cu-cs-vm systemd[1]: Started Create Volatile Files and Directories.
Sep  1 16:44:33 cu-cs-vm systemd[1]: proc-sys-fs-binfmt_misc.automount: Got automount request for /proc/sys/fs/binfmt_misc, triggered by 1472 (update-binfmts)
Sep  1 16:44:33 cu-cs-vm systemd[1]: Started Tell Plymouth To Write Out Runtime Data.
Sep  1 16:44:33 cu-cs-vm apparmor[1461]:  * Starting AppArmor profiles
Sep  1 16:44:33 cu-cs-vm systemd[1]: Mounting Arbitrary Executable File Formats File System...
Sep  1 16:44:33 cu-cs-vm systemd[1]: Reached target System Time Synchronized.
Sep  1 16:44:33 cu-cs-vm systemd[1]: Starting Update UTMP about System Boot/Shutdown...
Sep  1 16:44:33 cu-cs-vm systemd[1]: Reached target Sound Card.
Sep  1 16:44:33 cu-cs-vm systemd[1]: Started Set console font and keymap.
Sep  1 16:44:33 cu-cs-vm systemd[1]: Mounted Arbitrary Executable File Formats File System.
Sep  1 16:44:33 cu-cs-vm systemd[1]: Started Enable support for additional executable binary formats.
Sep  1 16:44:33 cu-cs-vm systemd[1]: Started Update UTMP about System Boot/Shutdown.
Sep  1 16:44:33 cu-cs-vm apparmor[1461]: Skipping profile in /etc/apparmor.d/disable: usr.bin.firefox
Sep  1 16:44:33 cu-cs-vm apparmor[1461]: Skipping profile in /etc/apparmor.d/disable: usr.sbin.rsyslogd
Sep  1 16:44:33 cu-cs-vm systemd[1]: Created slice system-getty.slice.
Sep  1 16:44:33 cu-cs-vm apparmor[1461]:    ...done.
Sep  1 16:44:33 cu-cs-vm systemd[1]: Started LSB: AppArmor initialization.
Sep  1 16:44:33 cu-cs-vm systemd-udevd[760]: Process '/usr/sbin/alsactl -E HOME=/run/alsa restore 0' failed with exit code 99.
Sep  1 16:44:33 cu-cs-vm systemd[1]: Reached target System Initialization.
Sep  1 16:44:33 cu-cs-vm systemd[1]: Listening on D-Bus System Message Bus Socket.
Sep  1 16:44:33 cu-cs-vm systemd[1]: Listening on ACPID Listen Socket.
Sep  1 16:44:33 cu-cs-vm systemd[1]: snapd.refresh.timer: Adding 2h 29min 13.684126s random time.
Sep  1 16:44:33 cu-cs-vm systemd[1]: snapd.refresh.timer: Adding 3h 25min 40.803183s random time.
Sep  1 16:44:33 cu-cs-vm systemd[1]: Started Timer to automatically refresh installed snaps.
Sep  1 16:44:33 cu-cs-vm systemd[1]: Started Trigger resolvconf update for networkd DNS.
Sep  1 16:44:33 cu-cs-vm systemd[1]: Listening on UUID daemon activation socket.
Sep  1 16:44:33 cu-cs-vm systemd[1]: apt-daily.timer: Adding 1h 10min 41.113668s random time.
Sep  1 16:44:33 cu-cs-vm systemd[1]: Started Daily apt activities.
Sep  1 16:44:33 cu-cs-vm systemd[1]: Started CUPS Scheduler.
Sep  1 16:44:33 cu-cs-vm systemd[1]: Listening on Avahi mDNS/DNS-SD Stack Activation Socket.
Sep  1 16:44:33 cu-cs-vm systemd[1]: Started ACPI Events Check.
Sep  1 16:44:33 cu-cs-vm systemd[1]: Reached target Paths.
Sep  1 16:44:33 cu-cs-vm systemd[1]: Started Daily Cleanup of Temporary Directories.
Sep  1 16:44:33 cu-cs-vm systemd[1]: Reached target Timers.
Sep  1 16:44:33 cu-cs-vm systemd[1]: Listening on CUPS Scheduler.
Sep  1 16:44:33 cu-cs-vm systemd[1]: Starting Socket activation for snappy daemon.
Sep  1 16:44:33 cu-cs-vm systemd[1]: Starting Raise network interfaces...
Sep  1 16:44:33 cu-cs-vm systemd[1]: Listening on Socket activation for snappy daemon.
Sep  1 16:44:33 cu-cs-vm systemd[1]: Reached target Sockets.
Sep  1 16:44:33 cu-cs-vm systemd[1]: Reached target Basic System.
Sep  1 16:44:33 cu-cs-vm systemd[1]: Starting Restore /etc/resolv.conf if the system crashed before the ppp link was shut down...
Sep  1 16:44:33 cu-cs-vm systemd[1]: Started ACPI event daemon.
Sep  1 16:44:33 cu-cs-vm systemd[1]: Started Run anacron jobs.
Sep  1 16:44:33 cu-cs-vm systemd[1]: Started uptime record daemon.
Sep  1 16:44:33 cu-cs-vm systemd[1]: Starting Initialize hardware monitoring sensors...
Sep  1 16:44:33 cu-cs-vm anacron[1746]: Anacron 2.3 started on 2016-09-01
Sep  1 16:44:33 cu-cs-vm anacron[1746]: Normal exit (0 jobs run)
Sep  1 16:44:33 cu-cs-vm systemd[1]: Starting vboxadd.service...
Sep  1 16:44:33 cu-cs-vm systemd[1]: Starting LSB: daemon to balance interrupts for SMP systems...
Sep  1 16:44:33 cu-cs-vm systemd[1]: Started D-Bus System Message Bus.
Sep  1 16:44:33 cu-cs-vm sensors[1756]: No sensors found!
Sep  1 16:44:33 cu-cs-vm sensors[1756]: Make sure you loaded all the kernel drivers you need.
Sep  1 16:44:33 cu-cs-vm sensors[1756]: Try sensors-detect to find out which these are.
Sep  1 16:44:33 cu-cs-vm dbus[1769]: [system] AppArmor D-Bus mediation is enabled
Sep  1 16:44:33 cu-cs-vm systemd[1]: Starting Detect the available GPUs and deal with any system changes...
Sep  1 16:44:33 cu-cs-vm systemd[1]: Starting Login Service...
Sep  1 16:44:33 cu-cs-vm systemd[1]: Starting Thermal Daemon Service...
Sep  1 16:44:33 cu-cs-vm gpu-manager[1783]: /etc/modprobe.d is not a file
Sep  1 16:44:33 cu-cs-vm gpu-manager[1783]: message repeated 4 times: [ /etc/modprobe.d is not a file]
Sep  1 16:44:33 cu-cs-vm gpu-manager[1783]: Error: can't open /lib/modules/4.4.0-34-generic/updates/dkms
Sep  1 16:44:33 cu-cs-vm gpu-manager[1783]: Error: can't open /lib/modules/4.4.0-34-generic/updates/dkms
Sep  1 16:44:33 cu-cs-vm systemd[1]: Started Regular background program processing daemon.
Sep  1 16:44:33 cu-cs-vm systemd[1]: Starting System Logging Service...
Sep  1 16:44:33 cu-cs-vm cron[1798]: (CRON) INFO (pidfile fd = 3)
Sep  1 16:44:33 cu-cs-vm cron[1798]: (CRON) INFO (Running @reboot jobs)
Sep  1 16:44:33 cu-cs-vm systemd[1]: Started crash report submission daemon.
Sep  1 16:44:33 cu-cs-vm rsyslogd-2039: Could not open output pipe '/dev/xconsole':: No such file or directory [v8.16.0 try http://www.rsyslog.com/e/2039 ]
Sep  1 16:44:33 cu-cs-vm rsyslogd-2007: action 'action 10' suspended, next retry is Thu Sep  1 16:45:03 2016 [v8.16.0 try http://www.rsyslog.com/e/2007 ]
Sep  1 16:44:33 cu-cs-vm kernel: [    0.093694] Initializing cgroup subsys memory
Sep  1 16:44:33 cu-cs-vm kernel: [    0.094071] Initializing cgroup subsys devices
Sep  1 16:44:33 cu-cs-vm kernel: [    0.094448] Initializing cgroup subsys freezer
Sep  1 16:44:33 cu-cs-vm kernel: [    0.094824] Initializing cgroup subsys net_cls
Sep  1 16:44:33 cu-cs-vm kernel: [    0.095199] Initializing cgroup subsys perf_event
Sep  1 16:44:33 cu-cs-vm kernel: [    0.095617] Initializing cgroup subsys net_prio
Sep  1 16:44:33 cu-cs-vm kernel: [    0.095997] Initializing cgroup subsys hugetlb
Sep  1 16:44:33 cu-cs-vm kernel: [    0.096374] Initializing cgroup subsys pids
Sep  1 16:44:33 cu-cs-vm kernel: [    0.096820] CPU: Physical Processor ID: 0
Sep  1 16:44:33 cu-cs-vm kernel: [    0.097183] CPU: Processor Core ID: 0
Sep  1 16:44:33 cu-cs-vm kernel: [    0.098359] mce: CPU supports 0 MCE banks
Sep  1 16:44:33 cu-cs-vm kernel: [    0.098798] Last level iTLB entries: 4KB 1024, 2MB 1024, 4MB 1024
Sep  1 16:44:33 cu-cs-vm kernel: [    0.099591] Last level dTLB entries: 4KB 1024, 2MB 1024, 4MB 1024, 1GB 4
Sep  1 16:44:33 cu-cs-vm kernel: [    0.101971] Freeing SMP alternatives memory: 28K (ffffffff820b4000 - ffffffff820bb000)
Sep  1 16:44:33 cu-cs-vm kernel: [    0.110434] ftrace: allocating 31994 entries in 125 pages
Sep  1 16:44:33 cu-cs-vm kernel: [    0.150285] smpboot: Max logical packages: 1
Sep  1 16:44:33 cu-cs-vm kernel: [    0.150691] smpboot: APIC(0) Converting physical 0 to logical package 0
Sep  1 16:44:33 cu-cs-vm kernel: [    0.152397] ..TIMER: vector=0x30 apic1=0 pin1=2 apic2=-1 pin2=-1
Sep  1 16:44:33 cu-cs-vm kernel: [    0.259626] smpboot: CPU0: Intel(R) Core(TM) i7-4870HQ CPU @ 2.50GHz (family: 0x6, model: 0x46, stepping: 0x1)
Sep  1 16:44:33 cu-cs-vm kernel: [    0.260526] Performance Events: unsupported p6 CPU model 70 no PMU driver, software events only.
Sep  1 16:44:33 cu-cs-vm kernel: [    0.261386] KVM setup paravirtual spinlock
Sep  1 16:44:33 cu-cs-vm kernel: [    0.262470] x86: Booting SMP configuration:
Sep  1 16:44:33 cu-cs-vm kernel: [    0.262858] .... node  #0, CPUs:      #1
Sep  1 16:44:33 cu-cs-vm kernel: [    0.263593] kvm-clock: cpu 1, msr 0:7ffe7041, secondary cpu clock
Sep  1 16:44:33 cu-cs-vm kernel: [    0.264604] mce: CPU supports 0 MCE banks
Sep  1 16:44:33 cu-cs-vm kernel: [    0.266696] x86: Booted up 1 node, 2 CPUs
Sep  1 16:44:33 cu-cs-vm kernel: [    0.268111] smpboot: Total of 2 processors activated (9976.90 BogoMIPS)
Sep  1 16:44:33 cu-cs-vm kernel: [    0.268989] devtmpfs: initialized
Sep  1 16:44:33 cu-cs-vm kernel: [    0.271611] evm: security.selinux
Sep  1 16:44:33 cu-cs-vm kernel: [    0.271958] evm: security.SMACK64
Sep  1 16:44:33 cu-cs-vm kernel: [    0.272301] evm: security.SMACK64EXEC
Sep  1 16:44:33 cu-cs-vm kernel: [    0.272653] evm: security.SMACK64TRANSMUTE
Sep  1 16:44:33 cu-cs-vm kernel: [    0.273018] evm: security.SMACK64MMAP
Sep  1 16:44:33 cu-cs-vm kernel: [    0.273370] evm: security.ima
Sep  1 16:44:33 cu-cs-vm kernel: [    0.273702] evm: security.capability
Sep  1 16:44:33 cu-cs-vm kernel: [    0.274307] clocksource: jiffies: mask: 0xffffffff max_cycles: 0xffffffff, max_idle_ns: 7645041785100000 ns
Sep  1 16:44:33 cu-cs-vm kernel: [    0.275247] pinctrl core: initialized pinctrl subsystem
Sep  1 16:44:33 cu-cs-vm kernel: [    0.275787] RTC time: 22:44:26, date: 09/01/16
Sep  1 16:44:33 cu-cs-vm kernel: [    0.276362] NET: Registered protocol family 16
Sep  1 16:44:33 cu-cs-vm kernel: [    0.287966] cpuidle: using governor ladder
Sep  1 16:44:33 cu-cs-vm kernel: [    0.300599] cpuidle: using governor menu
Sep  1 16:44:33 cu-cs-vm kernel: [    0.301056] PCCT header not found.
Sep  1 16:44:33 cu-cs-vm kernel: [    0.301552] ACPI: bus type PCI registered
Sep  1 16:44:33 cu-cs-vm kernel: [    0.301989] acpiphp: ACPI Hot Plug PCI Controller Driver version: 0.5
Sep  1 16:44:33 cu-cs-vm kernel: [    0.302641] PCI: Using configuration type 1 for base access
Sep  1 16:44:33 cu-cs-vm kernel: [    0.317345] ACPI: Added _OSI(Module Device)
Sep  1 16:44:33 cu-cs-vm kernel: [    0.317759] ACPI: Added _OSI(Processor Device)
Sep  1 16:44:33 cu-cs-vm kernel: [    0.318207] ACPI: Added _OSI(3.0 _SCP Extensions)
Sep  1 16:44:33 cu-cs-vm kernel: [    0.318624] ACPI: Added _OSI(Processor Aggregator Device)
Sep  1 16:44:33 cu-cs-vm kernel: [    0.319926] ACPI: Executed 1 blocks of module-level executable AML code
Sep  1 16:44:33 cu-cs-vm kernel: [    0.323493] ACPI: Interpreter enabled
Sep  1 16:44:33 cu-cs-vm kernel: [    0.324209] ACPI Exception: AE_NOT_FOUND, While evaluating Sleep State [\_S1_] (20150930/hwxface-580)
Sep  1 16:44:33 cu-cs-vm kernel: [    0.325079] ACPI Exception: AE_NOT_FOUND, While evaluating Sleep State [\_S2_] (20150930/hwxface-580)
Sep  1 16:44:33 cu-cs-vm kernel: [    0.325907] ACPI Exception: AE_NOT_FOUND, While evaluating Sleep State [\_S3_] (20150930/hwxface-580)
Sep  1 16:44:33 cu-cs-vm kernel: [    0.326746] ACPI Exception: AE_NOT_FOUND, While evaluating Sleep State [\_S4_] (20150930/hwxface-580)
Sep  1 16:44:33 cu-cs-vm kernel: [    0.327585] ACPI: (supports S0 S5)
Sep  1 16:44:33 cu-cs-vm kernel: [    0.327942] ACPI: Using IOAPIC for interrupt routing
Sep  1 16:44:33 cu-cs-vm kernel: [    0.328485] PCI: Using host bridge windows from ACPI; if necessary, use "pci=nocrs" and report a bug
Sep  1 16:44:33 cu-cs-vm kernel: [    0.333104] ACPI: PCI Root Bridge [PCI0] (domain 0000 [bus 00-ff])
Sep  1 16:44:33 cu-cs-vm kernel: [    0.333540] acpi PNP0A03:00: _OSC: OS supports [ASPM ClockPM Segments MSI]
Sep  1 16:44:33 cu-cs-vm kernel: [    0.333989] acpi PNP0A03:00: _OSC failed (AE_NOT_FOUND); disabling ASPM
Sep  1 16:44:33 cu-cs-vm kernel: [    0.334433] acpi PNP0A03:00: fail to add MMCONFIG information, can't access extended PCI configuration space under this bridge.
Sep  1 16:44:33 cu-cs-vm kernel: [    0.335451] PCI host bridge to bus 0000:00
Sep  1 16:44:33 cu-cs-vm kernel: [    0.335830] pci_bus 0000:00: root bus resource [io  0x0000-0x0cf7 window]
Sep  1 16:44:33 cu-cs-vm kernel: [    0.336274] pci_bus 0000:00: root bus resource [io  0x0d00-0xffff window]
Sep  1 16:44:33 cu-cs-vm kernel: [    0.336717] pci_bus 0000:00: root bus resource [mem 0x000a0000-0x000bffff window]
Sep  1 16:44:33 cu-cs-vm kernel: [    0.337386] pci_bus 0000:00: root bus resource [mem 0x80000000-0xffdfffff window]
Sep  1 16:44:33 cu-cs-vm kernel: [    0.338063] pci_bus 0000:00: root bus resource [bus 00-ff]
Sep  1 16:44:33 cu-cs-vm kernel: [    0.338504] pci 0000:00:00.0: [8086:1237] type 00 class 0x060000
Sep  1 16:44:33 cu-cs-vm kernel: [    0.338955] pci 0000:00:01.0: [8086:7000] type 00 class 0x060100
Sep  1 16:44:33 cu-cs-vm kernel: [    0.339514] pci 0000:00:02.0: [80ee:beef] type 00 class 0x030000
Sep  1 16:44:33 cu-cs-vm kernel: [    0.342319] pci 0000:00:02.0: reg 0x10: [mem 0xe0000000-0xe3ffffff pref]
Sep  1 16:44:33 cu-cs-vm kernel: [    0.357241] pci 0000:00:03.0: [8086:100e] type 00 class 0x020000
Sep  1 16:44:33 cu-cs-vm kernel: [    0.358207] pci 0000:00:03.0: reg 0x10: [mem 0xf0000000-0xf001ffff]
Sep  1 16:44:33 cu-cs-vm kernel: [    0.359718] pci 0000:00:03.0: reg 0x18: [io  0xd000-0xd007]
Sep  1 16:44:33 cu-cs-vm kernel: [    0.362742] pci 0000:00:04.0: [80ee:cafe] type 00 class 0x088000
Sep  1 16:44:33 cu-cs-vm kernel: [    0.363481] pci 0000:00:04.0: reg 0x10: [io  0xd020-0xd03f]
Sep  1 16:44:33 cu-cs-vm kernel: [    0.364322] pci 0000:00:04.0: reg 0x14: [mem 0xf0400000-0xf07fffff]
Sep  1 16:44:33 cu-cs-vm kernel: [    0.365123] pci 0000:00:04.0: reg 0x18: [mem 0xf0800000-0xf0803fff pref]
Sep  1 16:44:33 cu-cs-vm kernel: [    0.368189] pci 0000:00:05.0: [8086:2415] type 00 class 0x040100
Sep  1 16:44:33 cu-cs-vm kernel: [    0.368289] pci 0000:00:05.0: reg 0x10: [io  0xd100-0xd1ff]
Sep  1 16:44:33 cu-cs-vm kernel: [    0.368348] pci 0000:00:05.0: reg 0x14: [io  0xd200-0xd23f]
Sep  1 16:44:33 cu-cs-vm kernel: [    0.368813] pci 0000:00:06.0: [106b:003f] type 00 class 0x0c0310
Sep  1 16:44:33 cu-cs-vm kernel: [    0.369531] pci 0000:00:06.0: reg 0x10: [mem 0xf0804000-0xf0804fff]
Sep  1 16:44:33 cu-cs-vm kernel: [    0.373971] pci 0000:00:07.0: [8086:7113] type 00 class 0x068000
Sep  1 16:44:33 cu-cs-vm kernel: [    0.374672] pci 0000:00:0d.0: [8086:2829] type 00 class 0x010601
Sep  1 16:44:33 cu-cs-vm kernel: [    0.375533] pci 0000:00:0d.0: reg 0x10: [io  0xd240-0xd247]
Sep  1 16:44:33 cu-cs-vm kernel: [    0.376875] pci 0000:00:0d.0: reg 0x18: [io  0xd250-0xd257]
Sep  1 16:44:33 cu-cs-vm kernel: [    0.378185] pci 0000:00:0d.0: reg 0x20: [io  0xd260-0xd26f]
Sep  1 16:44:33 cu-cs-vm kernel: [    0.378870] pci 0000:00:0d.0: reg 0x24: [mem 0xf0806000-0xf0807fff]
Sep  1 16:44:33 cu-cs-vm kernel: [    0.380968] ACPI: PCI Interrupt Link [LNKA] (IRQs 5 9 10 *11)
Sep  1 16:44:33 cu-cs-vm kernel: [    0.392316] ACPI: PCI Interrupt Link [LNKB] (IRQs 5 9 10 *11)
Sep  1 16:44:33 cu-cs-vm kernel: [    0.393081] ACPI: PCI Interrupt Link [LNKC] (IRQs 5 9 *10 11)
Sep  1 16:44:33 cu-cs-vm kernel: [    0.393922] ACPI: PCI Interrupt Link [LNKD] (IRQs 5 *9 10 11)
Sep  1 16:44:33 cu-cs-vm kernel: [    0.394742] ACPI: Enabled 2 GPEs in block 00 to 07
Sep  1 16:44:33 cu-cs-vm kernel: [    0.395555] vgaarb: setting as boot device: PCI:0000:00:02.0
Sep  1 16:44:33 cu-cs-vm kernel: [    0.395970] vgaarb: device added: PCI:0000:00:02.0,decodes=io+mem,owns=io+mem,locks=none
Sep  1 16:44:33 cu-cs-vm kernel: [    0.396656] vgaarb: loaded
Sep  1 16:44:33 cu-cs-vm kernel: [    0.396980] vgaarb: bridge control possible 0000:00:02.0
Sep  1 16:44:33 cu-cs-vm kernel: [    0.397646] SCSI subsystem initialized
Sep  1 16:44:33 cu-cs-vm kernel: [    0.398175] libata version 3.00 loaded.
Sep  1 16:44:33 cu-cs-vm kernel: [    0.398206] ACPI: bus type USB registered
Sep  1 16:44:33 cu-cs-vm kernel: [    0.398597] usbcore: registered new interface driver usbfs
Sep  1 16:44:33 cu-cs-vm kernel: [    0.399016] usbcore: registered new interface driver hub
Sep  1 16:44:33 cu-cs-vm kernel: [    0.399451] usbcore: registered new device driver usb
Sep  1 16:44:33 cu-cs-vm kernel: [    0.400248] PCI: Using ACPI for IRQ routing
Sep  1 16:44:33 cu-cs-vm kernel: [    0.400622] PCI: pci_cache_line_size set to 64 bytes
Sep  1 16:44:33 cu-cs-vm kernel: [    0.400772] e820: reserve RAM buffer [mem 0x0009fc00-0x0009ffff]
Sep  1 16:44:33 cu-cs-vm kernel: [    0.400777] e820: reserve RAM buffer [mem 0x7fff0000-0x7fffffff]
Sep  1 16:44:33 cu-cs-vm kernel: [    0.400913] NetLabel: Initializing
Sep  1 16:44:33 cu-cs-vm kernel: [    0.401263] NetLabel:  domain hash size = 128
Sep  1 16:44:33 cu-cs-vm kernel: [    0.401688] NetLabel:  protocols = UNLABELED CIPSOv4
Sep  1 16:44:33 cu-cs-vm kernel: [    0.402092] NetLabel:  unlabeled traffic allowed by default
Sep  1 16:44:33 cu-cs-vm kernel: [    0.402784] clocksource: Switched to clocksource kvm-clock
Sep  1 16:44:33 cu-cs-vm kernel: [    0.412141] AppArmor: AppArmor Filesystem Enabled
Sep  1 16:44:33 cu-cs-vm kernel: [    0.412594] pnp: PnP ACPI init
Sep  1 16:44:33 cu-cs-vm kernel: [    0.413002] pnp 00:00: Plug and Play ACPI device, IDs PNP0303 (active)
Sep  1 16:44:33 cu-cs-vm kernel: [    0.413064] pnp 00:01: Plug and Play ACPI device, IDs PNP0f03 (active)
Sep  1 16:44:33 cu-cs-vm kernel: [    0.413774] pnp: PnP ACPI: found 2 devices
Sep  1 16:44:33 cu-cs-vm kernel: [    0.426665] clocksource: acpi_pm: mask: 0xffffff max_cycles: 0xffffff, max_idle_ns: 2085701024 ns
Sep  1 16:44:33 cu-cs-vm kernel: [    0.427448] pci_bus 0000:00: resource 4 [io  0x0000-0x0cf7 window]
Sep  1 16:44:33 cu-cs-vm kernel: [    0.427450] pci_bus 0000:00: resource 5 [io  0x0d00-0xffff window]
Sep  1 16:44:33 cu-cs-vm kernel: [    0.427452] pci_bus 0000:00: resource 6 [mem 0x000a0000-0x000bffff window]
Sep  1 16:44:33 cu-cs-vm kernel: [    0.427453] pci_bus 0000:00: resource 7 [mem 0x80000000-0xffdfffff window]
Sep  1 16:44:33 cu-cs-vm kernel: [    0.427484] NET: Registered protocol family 2
Sep  1 16:44:33 cu-cs-vm kernel: [    0.428038] TCP established hash table entries: 16384 (order: 5, 131072 bytes)
Sep  1 16:44:33 cu-cs-vm kernel: [    0.428804] TCP bind hash table entries: 16384 (order: 6, 262144 bytes)
Sep  1 16:44:33 cu-cs-vm kernel: [    0.429296] TCP: Hash tables configured (established 16384 bind 16384)
Sep  1 16:44:33 cu-cs-vm kernel: [    0.429941] UDP hash table entries: 1024 (order: 3, 32768 bytes)
Sep  1 16:44:33 cu-cs-vm kernel: [    0.430371] UDP-Lite hash table entries: 1024 (order: 3, 32768 bytes)
Sep  1 16:44:33 cu-cs-vm kernel: [    0.430855] NET: Registered protocol family 1
Sep  1 16:44:33 cu-cs-vm kernel: [    0.431259] pci 0000:00:00.0: Limiting direct PCI/PCI transfers
Sep  1 16:44:33 cu-cs-vm kernel: [    0.431715] pci 0000:00:01.0: Activating ISA DMA hang workarounds
Sep  1 16:44:33 cu-cs-vm kernel: [    0.432157] pci 0000:00:02.0: Video device with shadowed ROM
Sep  1 16:44:33 cu-cs-vm kernel: [    0.433216] PCI: CLS 0 bytes, default 64
Sep  1 16:44:33 cu-cs-vm kernel: [    0.433271] Trying to unpack rootfs image as initramfs...
Sep  1 16:44:33 cu-cs-vm kernel: [    0.941541] Freeing initrd memory: 35632K (ffff880033a58000 - ffff880035d24000)
Sep  1 16:44:33 cu-cs-vm kernel: [    0.942427] platform rtc_cmos: registered platform RTC device (no PNP device found)
Sep  1 16:44:33 cu-cs-vm kernel: [    0.943132] Scanning for low memory corruption every 60 seconds
Sep  1 16:44:33 cu-cs-vm kernel: [    0.944031] futex hash table entries: 512 (order: 3, 32768 bytes)
Sep  1 16:44:33 cu-cs-vm kernel: [    0.944485] audit: initializing netlink subsys (disabled)
Sep  1 16:44:33 cu-cs-vm kernel: [    0.944912] audit: type=2000 audit(1472769880.543:1): initialized
Sep  1 16:44:33 cu-cs-vm kernel: [    0.945595] Initialise system trusted keyring
Sep  1 16:44:33 cu-cs-vm kernel: [    0.946287] HugeTLB registered 2 MB page size, pre-allocated 0 pages
Sep  1 16:44:33 cu-cs-vm kernel: [    0.948064] zbud: loaded
Sep  1 16:44:33 cu-cs-vm kernel: [    0.948697] VFS: Disk quotas dquot_6.6.0
Sep  1 16:44:33 cu-cs-vm kernel: [    0.949093] VFS: Dquot-cache hash table entries: 512 (order 0, 4096 bytes)
Sep  1 16:44:33 cu-cs-vm kernel: [    0.949763] squashfs: version 4.0 (2009/01/31) Phillip Lougher
Sep  1 16:44:33 cu-cs-vm kernel: [    0.950531] fuse init (API version 7.23)
Sep  1 16:44:33 cu-cs-vm kernel: [    0.951027] Key type big_key registered
Sep  1 16:44:33 cu-cs-vm kernel: [    0.951408] Allocating IMA MOK and blacklist keyrings.
Sep  1 16:44:33 cu-cs-vm kernel: [    0.953651] Key type asymmetric registered
Sep  1 16:44:33 cu-cs-vm kernel: [    0.954027] Asymmetric key parser 'x509' registered
Sep  1 16:44:33 cu-cs-vm kernel: [    0.954452] Block layer SCSI generic (bsg) driver version 0.4 loaded (major 249)
Sep  1 16:44:33 cu-cs-vm kernel: [    0.955183] io scheduler noop registered
Sep  1 16:44:33 cu-cs-vm kernel: [    0.955557] io scheduler deadline registered (default)
Sep  1 16:44:33 cu-cs-vm kernel: [    0.955986] io scheduler cfq registered
Sep  1 16:44:33 cu-cs-vm kernel: [    0.956426] pci_hotplug: PCI Hot Plug PCI Core version: 0.5
Sep  1 16:44:33 cu-cs-vm kernel: [    0.956844] pciehp: PCI Express Hot Plug Controller Driver version: 0.4
Sep  1 16:44:33 cu-cs-vm kernel: [    0.957313] intel_idle: does not run on family 6 model 70
Sep  1 16:44:33 cu-cs-vm kernel: [    0.957694] ACPI: AC Adapter [AC] (on-line)
Sep  1 16:44:33 cu-cs-vm kernel: [    0.958179] input: Power Button as /devices/LNXSYSTM:00/LNXPWRBN:00/input/input0
Sep  1 16:44:33 cu-cs-vm kernel: [    0.958853] ACPI: Power Button [PWRF]
Sep  1 16:44:33 cu-cs-vm kernel: [    0.959622] input: Sleep Button as /devices/LNXSYSTM:00/LNXSLPBN:00/input/input1
Sep  1 16:44:33 cu-cs-vm kernel: [    0.960341] ACPI: Sleep Button [SLPF]
Sep  1 16:44:33 cu-cs-vm kernel: [    0.961059] GHES: HEST is not enabled!
Sep  1 16:44:33 cu-cs-vm kernel: [    0.962568] ACPI: Battery Slot [BAT0] (battery present)
Sep  1 16:44:33 cu-cs-vm kernel: [    0.963042] Serial: 8250/16550 driver, 32 ports, IRQ sharing enabled
Sep  1 16:44:33 cu-cs-vm kernel: [    0.964562] Linux agpgart interface v0.103
Sep  1 16:44:33 cu-cs-vm kernel: [    0.968323] brd: module loaded
Sep  1 16:44:33 cu-cs-vm kernel: [    0.970348] loop: module loaded
Sep  1 16:44:33 cu-cs-vm kernel: [    0.971360] libphy: Fixed MDIO Bus: probed
Sep  1 16:44:33 cu-cs-vm kernel: [    0.971756] tun: Universal TUN/TAP device driver, 1.6
Sep  1 16:44:33 cu-cs-vm kernel: [    0.972150] tun: (C) 1999-2004 Max Krasnyansky <maxk@qualcomm.com>
Sep  1 16:44:33 cu-cs-vm kernel: [    0.972613] PPP generic driver version 2.4.2
Sep  1 16:44:33 cu-cs-vm kernel: [    0.973027] ehci_hcd: USB 2.0 'Enhanced' Host Controller (EHCI) Driver
Sep  1 16:44:33 cu-cs-vm kernel: [    0.973505] ehci-pci: EHCI PCI platform driver
Sep  1 16:44:33 cu-cs-vm kernel: [    0.973945] ehci-platform: EHCI generic platform driver
Sep  1 16:44:33 cu-cs-vm kernel: [    0.974371] ohci_hcd: USB 1.1 'Open' Host Controller (OHCI) Driver
Sep  1 16:44:33 cu-cs-vm kernel: [    0.974802] ohci-pci: OHCI PCI platform driver
Sep  1 16:44:33 cu-cs-vm kernel: [    0.975706] ohci-pci 0000:00:06.0: OHCI PCI host controller
Sep  1 16:44:33 cu-cs-vm kernel: [    0.976125] ohci-pci 0000:00:06.0: new USB bus registered, assigned bus number 1
Sep  1 16:44:33 cu-cs-vm kernel: [    0.976895] ohci-pci 0000:00:06.0: irq 22, io mem 0xf0804000
Sep  1 16:44:33 cu-cs-vm kernel: [    1.031732] usb usb1: New USB device found, idVendor=1d6b, idProduct=0001
Sep  1 16:44:33 cu-cs-vm kernel: [    1.032188] usb usb1: New USB device strings: Mfr=3, Product=2, SerialNumber=1
Sep  1 16:44:33 cu-cs-vm kernel: [    1.032852] usb usb1: Product: OHCI PCI host controller
Sep  1 16:44:33 cu-cs-vm kernel: [    1.033252] usb usb1: Manufacturer: Linux 4.4.0-34-generic ohci_hcd
Sep  1 16:44:33 cu-cs-vm kernel: [    1.033682] usb usb1: SerialNumber: 0000:00:06.0
Sep  1 16:44:33 cu-cs-vm kernel: [    1.034190] hub 1-0:1.0: USB hub found
Sep  1 16:44:33 cu-cs-vm kernel: [    1.034560] hub 1-0:1.0: 12 ports detected
Sep  1 16:44:33 cu-cs-vm kernel: [    1.035366] ohci-platform: OHCI generic platform driver
Sep  1 16:44:33 cu-cs-vm kernel: [    1.035809] uhci_hcd: USB Universal Host Controller Interface driver
Sep  1 16:44:33 cu-cs-vm kernel: [    1.036331] i8042: PNP: PS/2 Controller [PNP0303:PS2K,PNP0f03:PS2M] at 0x60,0x64 irq 1,12
Sep  1 16:44:33 cu-cs-vm kernel: [    1.037716] serio: i8042 KBD port at 0x60,0x64 irq 1
Sep  1 16:44:33 cu-cs-vm kernel: [    1.038115] serio: i8042 AUX port at 0x60,0x64 irq 12
Sep  1 16:44:33 cu-cs-vm kernel: [    1.038617] mousedev: PS/2 mouse device common for all mice
Sep  1 16:44:33 cu-cs-vm kernel: [    1.039762] rtc_cmos rtc_cmos: rtc core: registered rtc_cmos as rtc0
Sep  1 16:44:33 cu-cs-vm kernel: [    1.040312] rtc_cmos rtc_cmos: alarms up to one day, 114 bytes nvram
Sep  1 16:44:33 cu-cs-vm kernel: [    1.040798] input: AT Translated Set 2 keyboard as /devices/platform/i8042/serio0/input/input2
Sep  1 16:44:33 cu-cs-vm kernel: [    1.041576] i2c /dev entries driver
Sep  1 16:44:33 cu-cs-vm kernel: [    1.042088] device-mapper: uevent: version 1.0.3
Sep  1 16:44:33 cu-cs-vm kernel: [    1.042537] device-mapper: ioctl: 4.34.0-ioctl (2015-10-28) initialised: dm-devel@redhat.com
Sep  1 16:44:33 cu-cs-vm kernel: [    1.043260] ledtrig-cpu: registered to indicate activity on CPUs
Sep  1 16:44:33 cu-cs-vm kernel: [    1.044617] NET: Registered protocol family 10
Sep  1 16:44:33 cu-cs-vm kernel: [    1.045438] NET: Registered protocol family 17
Sep  1 16:44:33 cu-cs-vm kernel: [    1.045837] Key type dns_resolver registered
Sep  1 16:44:33 cu-cs-vm kernel: [    1.046422] microcode: CPU0 sig=0x40661, pf=0x40, revision=0x0
Sep  1 16:44:33 cu-cs-vm kernel: [    1.046906] microcode: CPU1 sig=0x40661, pf=0x40, revision=0x0
Sep  1 16:44:33 cu-cs-vm kernel: [    1.047357] microcode: Microcode Update Driver: v2.01 <tigran@aivazian.fsnet.co.uk>, Peter Oruba
Sep  1 16:44:33 cu-cs-vm kernel: [    1.048217] registered taskstats version 1
Sep  1 16:44:33 cu-cs-vm kernel: [    1.048604] Loading compiled-in X.509 certificates
Sep  1 16:44:33 cu-cs-vm kernel: [    1.049613] Loaded X.509 cert 'Build time autogenerated kernel key: c40ffa48d8617ce4553ee3ab59017c95e74f2501'
Sep  1 16:44:33 cu-cs-vm kernel: [    1.050379] zswap: loaded using pool lzo/zbud
Sep  1 16:44:33 cu-cs-vm kernel: [    1.052797] Key type trusted registered
Sep  1 16:44:33 cu-cs-vm kernel: [    1.056739] Key type encrypted registered
Sep  1 16:44:33 cu-cs-vm kernel: [    1.057164] AppArmor: AppArmor sha1 policy hashing enabled
Sep  1 16:44:33 cu-cs-vm kernel: [    1.057612] ima: No TPM chip found, activating TPM-bypass!
Sep  1 16:44:33 cu-cs-vm kernel: [    1.058122] evm: HMAC attrs: 0x1
Sep  1 16:44:33 cu-cs-vm kernel: [    1.059153]   Magic number: 0:113:754
Sep  1 16:44:33 cu-cs-vm kernel: [    1.059544] tty ttyS5: hash matches
Sep  1 16:44:33 cu-cs-vm kernel: [    1.060049] rtc_cmos rtc_cmos: setting system clock to 2016-09-01 22:44:27 UTC (1472769867)
Sep  1 16:44:33 cu-cs-vm kernel: [    1.061000] BIOS EDD facility v0.16 2004-Jun-25, 0 devices found
Sep  1 16:44:33 cu-cs-vm kernel: [    1.061560] EDD information not available.
Sep  1 16:44:33 cu-cs-vm kernel: [    1.061989] PM: Hibernation image not present or could not be loaded.
Sep  1 16:44:33 cu-cs-vm kernel: [    1.063006] Freeing unused kernel memory: 1480K (ffffffff81f42000 - ffffffff820b4000)
Sep  1 16:44:33 cu-cs-vm kernel: [    1.063700] Write protecting the kernel read-only data: 14336k
Sep  1 16:44:33 cu-cs-vm kernel: [    1.064785] Freeing unused kernel memory: 1832K (ffff880001836000 - ffff880001a00000)
Sep  1 16:44:33 cu-cs-vm kernel: [    1.065919] Freeing unused kernel memory: 152K (ffff880001dda000 - ffff880001e00000)
Sep  1 16:44:33 cu-cs-vm kernel: [    1.078602] random: systemd-udevd urandom read with 1 bits of entropy available
Sep  1 16:44:33 cu-cs-vm kernel: [    1.109036] vgdrvHeartbeatInit: Setting up heartbeat to trigger every 2000 milliseconds
Sep  1 16:44:33 cu-cs-vm kernel: [    1.109970] input: Unspecified device as /devices/pci0000:00/0000:00:04.0/input/input4
Sep  1 16:44:33 cu-cs-vm kernel: [    1.116416] e1000: Intel(R) PRO/1000 Network Driver - version 7.3.21-k8-NAPI
Sep  1 16:44:33 cu-cs-vm kernel: [    1.116901] e1000: Copyright (c) 1999-2006 Intel Corporation.
Sep  1 16:44:33 cu-cs-vm kernel: [    1.119562] vboxguest: misc device minor 55, IRQ 20, I/O port d020, MMIO at 00000000f0400000 (size 0x400000)
Sep  1 16:44:33 cu-cs-vm kernel: [    1.120329] vboxguest: Successfully loaded version 5.0.18_Ubuntu (interface 0x00010004)
Sep  1 16:44:33 cu-cs-vm kernel: [    1.126206] [drm] Initialized drm 1.1.0 20060810
Sep  1 16:44:33 cu-cs-vm kernel: [    1.142530] ACPI: Video Device [GFX0] (multi-head: yes  rom: no  post: no)
Sep  1 16:44:33 cu-cs-vm kernel: [    1.147471] input: Video Bus as /devices/LNXSYSTM:00/LNXSYBUS:00/PNP0A03:00/LNXVIDEO:00/input/input5
Sep  1 16:44:33 cu-cs-vm kernel: [    1.150129] FUJITSU Extended Socket Network Device Driver - version 1.0 - Copyright (c) 2015 FUJITSU LIMITED
Sep  1 16:44:33 cu-cs-vm kernel: [    1.386804] input: ImExPS/2 Generic Explorer Mouse as /devices/platform/i8042/serio1/input/input6
Sep  1 16:44:33 cu-cs-vm kernel: [    1.446907] usb 1-1: new full-speed USB device number 2 using ohci-pci
Sep  1 16:44:33 cu-cs-vm kernel: [    1.514597] e1000 0000:00:03.0 eth0: (PCI:33MHz:32-bit) 08:00:27:04:c7:f4
Sep  1 16:44:33 cu-cs-vm kernel: [    1.515130] e1000 0000:00:03.0 eth0: Intel(R) PRO/1000 Network Connection
Sep  1 16:44:33 cu-cs-vm kernel: [    1.515635] ahci 0000:00:0d.0: version 3.0
Sep  1 16:44:33 cu-cs-vm kernel: [    1.516228] ahci 0000:00:0d.0: SSS flag set, parallel bus scan disabled
Sep  1 16:44:33 cu-cs-vm kernel: [    1.516928] ahci 0000:00:0d.0: AHCI 0001.0100 32 slots 2 ports 3 Gbps 0x3 impl SATA mode
Sep  1 16:44:33 cu-cs-vm kernel: [    1.517836] ahci 0000:00:0d.0: flags: 64bit ncq stag only ccc 
Sep  1 16:44:33 cu-cs-vm kernel: [    1.537648] scsi host0: ahci
Sep  1 16:44:33 cu-cs-vm kernel: [    1.538930] scsi host1: ahci
Sep  1 16:44:33 cu-cs-vm kernel: [    1.539355] ata1: SATA max UDMA/133 abar m8192@0xf0806000 port 0xf0806100 irq 21
Sep  1 16:44:33 cu-cs-vm kernel: [    1.539958] e1000 0000:00:03.0 enp0s3: renamed from eth0
Sep  1 16:44:33 cu-cs-vm kernel: [    1.540828] ata2: SATA max UDMA/133 abar m8192@0xf0806000 port 0xf0806180 irq 21
Sep  1 16:44:33 cu-cs-vm kernel: [    1.542837] [drm] VRAM 04000000
Sep  1 16:44:33 cu-cs-vm kernel: [    1.543594] [TTM] Zone  kernel: Available graphics memory: 958626 kiB
Sep  1 16:44:33 cu-cs-vm kernel: [    1.544056] [TTM] Initializing pool allocator
Sep  1 16:44:33 cu-cs-vm kernel: [    1.544465] [TTM] Initializing DMA pool allocator
Sep  1 16:44:33 cu-cs-vm kernel: [    1.556125] fbcon: vboxdrmfb (fb0) is primary device
Sep  1 16:44:33 cu-cs-vm kernel: [    1.566323] Console: switching to colour frame buffer device 100x37
Sep  1 16:44:33 cu-cs-vm kernel: [    1.567417] vboxvideo 0000:00:02.0: fb0: vboxdrmfb frame buffer device
Sep  1 16:44:33 cu-cs-vm kernel: [    1.579210] [drm] Initialized vboxvideo 1.0.0 20130823 for 0000:00:02.0 on minor 0
Sep  1 16:44:33 cu-cs-vm kernel: [    1.722794] usb 1-1: New USB device found, idVendor=80ee, idProduct=0021
Sep  1 16:44:33 cu-cs-vm kernel: [    1.722825] usb 1-1: New USB device strings: Mfr=1, Product=3, SerialNumber=0
Sep  1 16:44:33 cu-cs-vm kernel: [    1.722848] usb 1-1: Product: USB Tablet
Sep  1 16:44:33 cu-cs-vm kernel: [    1.722862] usb 1-1: Manufacturer: VirtualBox
Sep  1 16:44:33 cu-cs-vm kernel: [    1.732137] hidraw: raw HID events driver (C) Jiri Kosina
Sep  1 16:44:33 cu-cs-vm kernel: [    1.743821] usbcore: registered new interface driver usbhid
Sep  1 16:44:33 cu-cs-vm kernel: [    1.743842] usbhid: USB HID core driver
Sep  1 16:44:33 cu-cs-vm kernel: [    1.749428] input: VirtualBox USB Tablet as /devices/pci0000:00/0000:00:06.0/usb1/1-1/1-1:1.0/0003:80EE:0021.0001/input/input7
Sep  1 16:44:33 cu-cs-vm kernel: [    1.750569] hid-generic 0003:80EE:0021.0001: input,hidraw0: USB HID v1.10 Mouse [VirtualBox USB Tablet] on usb-0000:00:06.0-1/input0
Sep  1 16:44:33 cu-cs-vm kernel: [    1.869152] ata1: SATA link up 3.0 Gbps (SStatus 123 SControl 300)
Sep  1 16:44:33 cu-cs-vm kernel: [    1.870131] ata1.00: ATA-8: VBOX HARDDISK, 1.0, max UDMA/133
Sep  1 16:44:33 cu-cs-vm kernel: [    1.870694] ata1.00: 134217728 sectors, multi 128: LBA48 NCQ (depth 31/32)
Sep  1 16:44:33 cu-cs-vm kernel: [    1.871488] ata1.00: configured for UDMA/133
Sep  1 16:44:33 cu-cs-vm kernel: [    1.872192] scsi 0:0:0:0: Direct-Access     ATA      VBOX HARDDISK    1.0  PQ: 0 ANSI: 5
Sep  1 16:44:33 cu-cs-vm kernel: [    1.872893] sd 0:0:0:0: [sda] 134217728 512-byte logical blocks: (68.7 GB/64.0 GiB)
Sep  1 16:44:33 cu-cs-vm kernel: [    1.872913] sd 0:0:0:0: Attached scsi generic sg0 type 0
Sep  1 16:44:33 cu-cs-vm kernel: [    1.873938] sd 0:0:0:0: [sda] Write Protect is off
Sep  1 16:44:33 cu-cs-vm kernel: [    1.874612] sd 0:0:0:0: [sda] Mode Sense: 00 3a 00 00
Sep  1 16:44:33 cu-cs-vm kernel: [    1.874638] sd 0:0:0:0: [sda] Write cache: enabled, read cache: enabled, doesn't support DPO or FUA
Sep  1 16:44:33 cu-cs-vm kernel: [    1.877536]  sda: sda1
Sep  1 16:44:33 cu-cs-vm kernel: [    1.878263] sd 0:0:0:0: [sda] Attached SCSI disk
Sep  1 16:44:33 cu-cs-vm kernel: [    1.938921] tsc: Refined TSC clocksource calibration: 2494.388 MHz
Sep  1 16:44:33 cu-cs-vm kernel: [    1.939447] clocksource: tsc: mask: 0xffffffffffffffff max_cycles: 0x23f48447e19, max_idle_ns: 440795248563 ns
Sep  1 16:44:33 cu-cs-vm kernel: [    2.191370] ata2: SATA link up 3.0 Gbps (SStatus 123 SControl 300)
Sep  1 16:44:33 cu-cs-vm kernel: [    2.192192] ata2.00: ATAPI: VBOX CD-ROM, 1.0, max UDMA/133
Sep  1 16:44:33 cu-cs-vm kernel: [    2.192691] ata2.00: applying bridge limits
Sep  1 16:44:33 cu-cs-vm kernel: [    2.193486] ata2.00: configured for UDMA/100
Sep  1 16:44:33 cu-cs-vm kernel: [    2.194582] scsi 1:0:0:0: CD-ROM            VBOX     CD-ROM           1.0  PQ: 0 ANSI: 5
Sep  1 16:44:33 cu-cs-vm kernel: [    2.203861] sr 1:0:0:0: [sr0] scsi3-mmc drive: 32x/32x xa/form2 tray
Sep  1 16:44:33 cu-cs-vm kernel: [    2.204384] cdrom: Uniform CD-ROM driver Revision: 3.20
Sep  1 16:44:33 cu-cs-vm kernel: [    2.205275] sr 1:0:0:0: Attached scsi CD-ROM sr0
Sep  1 16:44:33 cu-cs-vm kernel: [    2.205864] sr 1:0:0:0: Attached scsi generic sg1 type 5
Sep  1 16:44:33 cu-cs-vm kernel: [    4.244631] floppy0: no floppy controllers found
Sep  1 16:44:33 cu-cs-vm kernel: [    4.245665] work still pending
Sep  1 16:44:33 cu-cs-vm kernel: [    4.358953] raid6: sse2x1   gen()  8331 MB/s
Sep  1 16:44:33 cu-cs-vm kernel: [    4.426877] raid6: sse2x1   xor()  7623 MB/s
Sep  1 16:44:33 cu-cs-vm kernel: [    4.495034] raid6: sse2x2   gen() 12838 MB/s
Sep  1 16:44:33 cu-cs-vm kernel: [    4.563864] raid6: sse2x2   xor()  8910 MB/s
Sep  1 16:44:33 cu-cs-vm kernel: [    4.630846] raid6: sse2x4   gen() 14585 MB/s
Sep  1 16:44:33 cu-cs-vm kernel: [    4.699023] raid6: sse2x4   xor() 10028 MB/s
Sep  1 16:44:33 cu-cs-vm kernel: [    4.699430] raid6: using algorithm sse2x4 gen() 14585 MB/s
Sep  1 16:44:33 cu-cs-vm kernel: [    4.699815] raid6: .... xor() 10028 MB/s, rmw enabled
Sep  1 16:44:33 cu-cs-vm kernel: [    4.700184] raid6: using ssse3x2 recovery algorithm
Sep  1 16:44:33 cu-cs-vm kernel: [    4.702019] xor: automatically using best checksumming function:
Sep  1 16:44:33 cu-cs-vm kernel: [    4.738844]    avx       : 23013.000 MB/sec
Sep  1 16:44:33 cu-cs-vm kernel: [    4.755514] Btrfs loaded
Sep  1 16:44:33 cu-cs-vm kernel: [    4.820563] BTRFS: device fsid 7edb9fb6-5937-400b-b2d4-95dbf988ef57 devid 1 transid 8487 /dev/sda1
Sep  1 16:44:33 cu-cs-vm kernel: [    4.888975] BTRFS info (device sda1): disk space caching is enabled
Sep  1 16:44:33 cu-cs-vm kernel: [    4.889411] BTRFS: has skinny extents
Sep  1 16:44:33 cu-cs-vm kernel: [    4.895092] BTRFS: detected SSD devices, enabling SSD mode
Sep  1 16:44:33 cu-cs-vm kernel: [    5.213237] lp: driver loaded but no devices found
Sep  1 16:44:33 cu-cs-vm kernel: [    5.243106] ppdev: user-space parallel port driver
Sep  1 16:44:33 cu-cs-vm kernel: [    5.580202] BTRFS info (device sda1): enabling auto defrag
Sep  1 16:44:33 cu-cs-vm kernel: [    5.580205] BTRFS info (device sda1): disk space caching is enabled
Sep  1 16:44:33 cu-cs-vm kernel: [    5.878460] piix4_smbus 0000:00:07.0: SMBus base address uninitialized - upgrade BIOS or use force_addr=0xaddr
Sep  1 16:44:33 cu-cs-vm kernel: [    5.962015] snd_intel8x0 0000:00:05.0: disable (unknown or VT-d) VM optimization
Sep  1 16:44:33 cu-cs-vm kernel: [    6.029448] AVX version of gcm_enc/dec engaged.
Sep  1 16:44:33 cu-cs-vm kernel: [    6.029450] AES CTR mode by8 optimization enabled
Sep  1 16:44:33 cu-cs-vm kernel: [    6.203013] BTRFS error (device sda1): could not find root 8
Sep  1 16:44:33 cu-cs-vm kernel: [    6.203019] BTRFS error (device sda1): could not find root 8
Sep  1 16:44:33 cu-cs-vm kernel: [    6.270793] snd_intel8x0 0000:00:05.0: white list rate for 1028:0177 is 48000
Sep  1 16:44:33 cu-cs-vm kernel: [    6.609737] audit: type=1400 audit(1472769873.044:2): apparmor="STATUS" operation="profile_load" profile="unconfined" name="/usr/lib/lightdm/lightdm-guest-session" pid=1700 comm="apparmor_parser"
Sep  1 16:44:33 cu-cs-vm kernel: [    6.609741] audit: type=1400 audit(1472769873.044:3): apparmor="STATUS" operation="profile_load" profile="unconfined" name="/usr/lib/lightdm/lightdm-guest-session//chromium" pid=1700 comm="apparmor_parser"
Sep  1 16:44:33 cu-cs-vm kernel: [    6.611977] audit: type=1400 audit(1472769873.048:4): apparmor="STATUS" operation="profile_load" profile="unconfined" name="/sbin/dhclient" pid=1701 comm="apparmor_parser"
Sep  1 16:44:33 cu-cs-vm kernel: [    6.611981] audit: type=1400 audit(1472769873.048:5): apparmor="STATUS" operation="profile_load" profile="unconfined" name="/usr/lib/NetworkManager/nm-dhcp-client.action" pid=1701 comm="apparmor_parser"
Sep  1 16:44:33 cu-cs-vm kernel: [    6.611985] audit: type=1400 audit(1472769873.048:6): apparmor="STATUS" operation="profile_load" profile="unconfined" name="/usr/lib/NetworkManager/nm-dhcp-helper" pid=1701 comm="apparmor_parser"
Sep  1 16:44:33 cu-cs-vm kernel: [    6.611988] audit: type=1400 audit(1472769873.048:7): apparmor="STATUS" operation="profile_load" profile="unconfined" name="/usr/lib/connman/scripts/dhclient-script" pid=1701 comm="apparmor_parser"
Sep  1 16:44:33 cu-cs-vm kernel: [    6.634488] audit: type=1400 audit(1472769873.068:8): apparmor="STATUS" operation="profile_load" profile="unconfined" name="/usr/bin/ubuntu-core-launcher" pid=1705 comm="apparmor_parser"
Sep  1 16:44:33 cu-cs-vm kernel: [    6.636746] audit: type=1400 audit(1472769873.072:9): apparmor="STATUS" operation="profile_load" profile="unconfined" name="/usr/bin/evince" pid=1703 comm="apparmor_parser"
Sep  1 16:44:33 cu-cs-vm kernel: [    6.636754] audit: type=1400 audit(1472769873.072:10): apparmor="STATUS" operation="profile_load" profile="unconfined" name="/usr/bin/evince//sanitized_helper" pid=1703 comm="apparmor_parser"
Sep  1 16:44:33 cu-cs-vm kernel: [    6.636758] audit: type=1400 audit(1472769873.072:11): apparmor="STATUS" operation="profile_load" profile="unconfined" name="/usr/bin/evince-previewer" pid=1703 comm="apparmor_parser"
Sep  1 16:44:33 cu-cs-vm systemd[1]: Starting Permit User Sessions...
Sep  1 16:44:33 cu-cs-vm systemd[1]: Starting Modem Manager...
Sep  1 16:44:33 cu-cs-vm vboxadd[1757]: vboxadd.sh: Starting the VirtualBox Guest Additions.
Sep  1 16:44:33 cu-cs-vm vboxadd.sh: Starting the VirtualBox Guest Additions.
Sep  1 16:44:33 cu-cs-vm acpid: starting up with netlink and the input layer
Sep  1 16:44:33 cu-cs-vm acpid: 9 rules loaded
Sep  1 16:44:33 cu-cs-vm acpid: waiting for events: event logging is off
Sep  1 16:44:33 cu-cs-vm systemd[1]: Starting LSB: Record successful boot for GRUB...
Sep  1 16:44:33 cu-cs-vm systemd[1]: Starting LSB: automatic crash report generation...
Sep  1 16:44:33 cu-cs-vm systemd[1]: Started CUPS Scheduler.
Sep  1 16:44:33 cu-cs-vm thermald[1787]: NO RAPL sysfs present
Sep  1 16:44:33 cu-cs-vm thermald[1787]: 13 CPUID levels; family:model:stepping 0x6:46:1 (6:70:1)
Sep  1 16:44:33 cu-cs-vm thermald[1787]: Polling mode is enabled: 4
Sep  1 16:44:33 cu-cs-vm thermald[1787]: Thermal DTS: No coretemp sysfs found
Sep  1 16:44:33 cu-cs-vm gpu-manager[1783]: update-alternatives: error: no alternatives for x86_64-linux-gnu_gfxcore_conf
Sep  1 16:44:33 cu-cs-vm systemd[1]: Started Snappy daemon.
Sep  1 16:44:33 cu-cs-vm systemd[1]: Starting LSB: Speech Dispatcher...
Sep  1 16:44:33 cu-cs-vm thermald[1787]: Thermal DTS or hwmon: No Zones present Need to configure manually
Sep  1 16:44:33 cu-cs-vm thermald[1787]: No thermal sensors found
Sep  1 16:44:33 cu-cs-vm thermald[1787]: THD engine start failed
Sep  1 16:44:33 cu-cs-vm systemd[1]: Starting LSB: Execute the kexec -e command to reboot system...
Sep  1 16:44:33 cu-cs-vm ModemManager[1814]: <info>  ModemManager (version 1.4.12) starting in system bus...
Sep  1 16:44:33 cu-cs-vm /usr/lib/snapd/snapd[1835]: daemon.go:212: DEBUG: adding /
Sep  1 16:44:33 cu-cs-vm /usr/lib/snapd/snapd[1835]: daemon.go:212: DEBUG: adding /v2/system-info
Sep  1 16:44:33 cu-cs-vm systemd[1]: Starting Accounts Service...
Sep  1 16:44:33 cu-cs-vm /usr/lib/snapd/snapd[1835]: daemon.go:212: DEBUG: adding /v2/login
Sep  1 16:44:33 cu-cs-vm /usr/lib/snapd/snapd[1835]: daemon.go:212: DEBUG: adding /v2/logout
Sep  1 16:44:33 cu-cs-vm /usr/lib/snapd/snapd[1835]: daemon.go:212: DEBUG: adding /v2/icons/{name}/icon
Sep  1 16:44:33 cu-cs-vm /usr/lib/snapd/snapd[1835]: daemon.go:212: DEBUG: adding /v2/find
Sep  1 16:44:33 cu-cs-vm /usr/lib/snapd/snapd[1835]: daemon.go:212: DEBUG: adding /v2/snaps
Sep  1 16:44:33 cu-cs-vm /usr/lib/snapd/snapd[1835]: daemon.go:212: DEBUG: adding /v2/snaps/{name}
Sep  1 16:44:33 cu-cs-vm /usr/lib/snapd/snapd[1835]: daemon.go:212: DEBUG: adding /v2/interfaces
Sep  1 16:44:33 cu-cs-vm /usr/lib/snapd/snapd[1835]: daemon.go:212: DEBUG: adding /v2/assertions
Sep  1 16:44:33 cu-cs-vm /usr/lib/snapd/snapd[1835]: daemon.go:212: DEBUG: adding /v2/assertions/{assertType}
Sep  1 16:44:33 cu-cs-vm /usr/lib/snapd/snapd[1835]: daemon.go:212: DEBUG: adding /v2/events
Sep  1 16:44:33 cu-cs-vm /usr/lib/snapd/snapd[1835]: daemon.go:212: DEBUG: adding /v2/changes/{id}
Sep  1 16:44:33 cu-cs-vm /usr/lib/snapd/snapd[1835]: daemon.go:212: DEBUG: adding /v2/changes
Sep  1 16:44:33 cu-cs-vm /usr/lib/snapd/snapd[1835]: daemon.go:212: DEBUG: adding /v2/create-user
Sep  1 16:44:33 cu-cs-vm /usr/lib/snapd/snapd[1835]: daemon.go:212: DEBUG: adding /v2/buy
Sep  1 16:44:33 cu-cs-vm /usr/lib/snapd/snapd[1835]: daemon.go:212: DEBUG: adding /v2/buy/methods
Sep  1 16:44:33 cu-cs-vm /usr/lib/snapd/snapd[1835]: daemon.go:202: DEBUG: init done in 1.135025ms
Sep  1 16:44:33 cu-cs-vm dbus[1769]: [system] Activating via systemd: service name='org.freedesktop.PolicyKit1' unit='polkitd.service'
Sep  1 16:44:33 cu-cs-vm systemd[1]: Starting Avahi mDNS/DNS-SD Stack...
Sep  1 16:44:33 cu-cs-vm systemd[1]: Starting Network Manager...
Sep  1 16:44:33 cu-cs-vm systemd[1]: Starting Save/Restore Sound Card State...
Sep  1 16:44:33 cu-cs-vm avahi-daemon[1875]: Found user 'avahi' (UID 111) and group 'avahi' (GID 120).
Sep  1 16:44:33 cu-cs-vm systemd[1]: Starting vboxadd-x11.service...
Sep  1 16:44:33 cu-cs-vm kernel: [    7.283244] vboxsf: Successfully loaded version 5.0.18_Ubuntu (interface 0x00010004)
Sep  1 16:44:33 cu-cs-vm systemd[1]: Starting LSB: Set the CPU Frequency Scaling governor to "ondemand"...
Sep  1 16:44:33 cu-cs-vm avahi-daemon[1875]: Successfully dropped root privileges.
Sep  1 16:44:33 cu-cs-vm avahi-daemon[1875]: avahi-daemon 0.6.32-rc starting up.
Sep  1 16:44:33 cu-cs-vm avahi-daemon[1875]: Successfully called chroot().
Sep  1 16:44:33 cu-cs-vm avahi-daemon[1875]: Successfully dropped remaining capabilities.
Sep  1 16:44:33 cu-cs-vm avahi-daemon[1875]: No service file found in /etc/avahi/services.
Sep  1 16:44:33 cu-cs-vm avahi-daemon[1875]: Network interface enumeration completed.
Sep  1 16:44:33 cu-cs-vm avahi-daemon[1875]: Server startup complete. Host name is cu-cs-vm.local. Local service cookie is 830028208.
Sep  1 16:44:33 cu-cs-vm systemd[1]: Started System Logging Service.
Sep  1 16:44:33 cu-cs-vm systemd[1]: Started Restore /etc/resolv.conf if the system crashed before the ppp link was shut down.
Sep  1 16:44:33 cu-cs-vm whoopsie[1803]: [16:44:33] Using lock path: /var/lock/whoopsie/lock
Sep  1 16:44:33 cu-cs-vm whoopsie[1803]: [16:44:33] Could not get the Network Manager state:
Sep  1 16:44:33 cu-cs-vm whoopsie[1803]: [16:44:33] GDBus.Error:org.freedesktop.DBus.Error.ServiceUnknown: The name org.freedesktop.NetworkManager was not provided by any .service files
Sep  1 16:44:33 cu-cs-vm NetworkManager[1878]: <info>  [1472769873.8602] NetworkManager (version 1.2.0) is starting...
Sep  1 16:44:33 cu-cs-vm NetworkManager[1878]: <info>  [1472769873.8659] Read config: /etc/NetworkManager/NetworkManager.conf (etc: default-wifi-powersave-on.conf)
Sep  1 16:44:33 cu-cs-vm NetworkManager[1878]: <info>  [1472769873.8745] manager[0x1edd1a0]: monitoring kernel firmware directory '/lib/firmware'.
Sep  1 16:44:33 cu-cs-vm NetworkManager[1878]: <info>  [1472769873.8745] monitoring ifupdown state file '/run/network/ifstate'.
Sep  1 16:44:33 cu-cs-vm dbus[1769]: [system] Activating via systemd: service name='org.freedesktop.nm_dispatcher' unit='dbus-org.freedesktop.nm-dispatcher.service'
Sep  1 16:44:33 cu-cs-vm NetworkManager[1878]: <info>  [1472769873.8848] dns-mgr[0x1ef28a0]: set resolv-conf-mode: dnsmasq, plugin="dnsmasq"
Sep  1 16:44:33 cu-cs-vm NetworkManager[1878]: <info>  [1472769873.8848] dns-mgr[0x1ef28a0]: using resolv.conf manager 'resolvconf'
Sep  1 16:44:33 cu-cs-vm systemd[1]: Started Detect the available GPUs and deal with any system changes.
Sep  1 16:44:33 cu-cs-vm sensors[1900]: No sensors found!
Sep  1 16:44:33 cu-cs-vm sensors[1900]: Make sure you loaded all the kernel drivers you need.
Sep  1 16:44:33 cu-cs-vm sensors[1900]: Try sensors-detect to find out which these are.
Sep  1 16:44:33 cu-cs-vm systemd[1]: Started Thermal Daemon Service.
Sep  1 16:44:33 cu-cs-vm systemd[1]: Started Permit User Sessions.
Sep  1 16:44:33 cu-cs-vm systemd[1]: Started Initialize hardware monitoring sensors.
Sep  1 16:44:33 cu-cs-vm alsactl[1904]: /usr/sbin/alsactl: load_state:1683: Cannot open /var/lib/alsa/asound.state for reading: No such file or directory
Sep  1 16:44:33 cu-cs-vm alsactl[1904]: Found hardware: "ICH" "Analog Devices AD1980" "AC97a:41445370" "0x1028" "0x0177"
Sep  1 16:44:33 cu-cs-vm alsactl[1904]: Hardware is initialized using a generic method
Sep  1 16:44:33 cu-cs-vm systemd[1]: Started Save/Restore Sound Card State.
Sep  1 16:44:34 cu-cs-vm irqbalance[1768]:  * Starting SMP IRQ Balancer: irqbalance
Sep  1 16:44:34 cu-cs-vm irqbalance[1768]:    ...done.
Sep  1 16:44:34 cu-cs-vm systemd[1]: Started LSB: daemon to balance interrupts for SMP systems.
Sep  1 16:44:34 cu-cs-vm systemd[1]: Started LSB: Record successful boot for GRUB.
Sep  1 16:44:34 cu-cs-vm speech-dispatcher[1843]:  * speech-dispatcher disabled; edit /etc/default/speech-dispatcher
Sep  1 16:44:34 cu-cs-vm systemd[1]: Started LSB: Speech Dispatcher.
Sep  1 16:44:34 cu-cs-vm apport[1827]:  * Starting automatic crash report generation: apport
Sep  1 16:44:34 cu-cs-vm apport[1827]:    ...done.
Sep  1 16:44:34 cu-cs-vm systemd[1]: Started LSB: automatic crash report generation.
Sep  1 16:44:34 cu-cs-vm systemd[1]: Started LSB: Execute the kexec -e command to reboot system.
Sep  1 16:44:34 cu-cs-vm vboxadd-x11.sh: Installing the Window System drivers.
Sep  1 16:44:34 cu-cs-vm systemd[1]: Started LSB: Set the CPU Frequency Scaling governor to "ondemand".
Sep  1 16:44:34 cu-cs-vm vboxadd-x11.sh: Installing X.Org Server 1.18 modules.
Sep  1 16:44:34 cu-cs-vm vboxadd-x11.sh: X.Org Server 1.18 modules installed.
Sep  1 16:44:34 cu-cs-vm vboxadd-x11.sh: Setting up the Window System to use the Guest Additions.
Sep  1 16:44:34 cu-cs-vm vboxadd-x11.sh: Window System set up to use the Guest Additions.
Sep  1 16:44:34 cu-cs-vm vboxadd[1757]: You may need to restart the the Window System (or just restart the guest system)
Sep  1 16:44:34 cu-cs-vm vboxadd[1757]: to enable the Guest Additions.
Sep  1 16:44:34 cu-cs-vm vboxadd-x11.sh: Installing graphics libraries and desktop services components.
Sep  1 16:44:34 cu-cs-vm systemd[1]: Started Raise network interfaces.
Sep  1 16:44:34 cu-cs-vm vboxadd-x11.sh: Window system drivers installed.
Sep  1 16:44:34 cu-cs-vm systemd[1]: Started Avahi mDNS/DNS-SD Stack.
Sep  1 16:44:34 cu-cs-vm systemd[1]: Started Network Manager.
Sep  1 16:44:34 cu-cs-vm systemd[1]: Started Login Service.
Sep  1 16:44:34 cu-cs-vm systemd[1]: Starting Network Manager Script Dispatcher Service...
Sep  1 16:44:34 cu-cs-vm systemd[1]: Starting Network Manager Wait Online...
Sep  1 16:44:34 cu-cs-vm systemd[1]: Started Make remote CUPS printers available locally.
Sep  1 16:44:34 cu-cs-vm systemd[1]: Starting Authenticate and Authorize Users to Run Privileged Tasks...
Sep  1 16:44:34 cu-cs-vm systemd[1]: Reached target Network.
Sep  1 16:44:34 cu-cs-vm systemd[1]: Starting OpenBSD Secure Shell server...
Sep  1 16:44:34 cu-cs-vm dbus[1769]: [system] Successfully activated service 'org.freedesktop.nm_dispatcher'
Sep  1 16:44:34 cu-cs-vm systemd[1]: Starting LSB: Load kernel image with kexec...
Sep  1 16:44:34 cu-cs-vm NetworkManager[1878]: <info>  [1472769874.3240] init!
Sep  1 16:44:34 cu-cs-vm NetworkManager[1878]: <info>  [1472769874.3242] management mode: unmanaged
Sep  1 16:44:34 cu-cs-vm NetworkManager[1878]: <info>  [1472769874.3245] devices added (path: /sys/devices/pci0000:00/0000:00:03.0/net/enp0s3, iface: enp0s3)
Sep  1 16:44:34 cu-cs-vm NetworkManager[1878]: <info>  [1472769874.3245] device added (path: /sys/devices/pci0000:00/0000:00:03.0/net/enp0s3, iface: enp0s3): no ifupdown configuration found.
Sep  1 16:44:34 cu-cs-vm NetworkManager[1878]: <info>  [1472769874.3245] devices added (path: /sys/devices/virtual/net/lo, iface: lo)
Sep  1 16:44:34 cu-cs-vm NetworkManager[1878]: <info>  [1472769874.3245] device added (path: /sys/devices/virtual/net/lo, iface: lo): no ifupdown configuration found.
Sep  1 16:44:34 cu-cs-vm dbus[1769]: [system] Activating via systemd: service name='org.freedesktop.hostname1' unit='dbus-org.freedesktop.hostname1.service'
Sep  1 16:44:34 cu-cs-vm NetworkManager[1878]: <info>  [1472769874.3245] end _init.
Sep  1 16:44:34 cu-cs-vm NetworkManager[1878]: <info>  [1472769874.3245] settings: loaded plugin ifupdown: (C) 2008 Canonical Ltd.  To report bugs please use the NetworkManager mailing list. (/usr/lib/x86_64-linux-gnu/NetworkManager/libnm-settings-plugin-ifupdown.so)
Sep  1 16:44:34 cu-cs-vm NetworkManager[1878]: <info>  [1472769874.3245] settings: loaded plugin keyfile: (c) 2007 - 2015 Red Hat, Inc.  To report bugs please use the NetworkManager mailing list.
Sep  1 16:44:34 cu-cs-vm NetworkManager[1878]: <info>  [1472769874.3277] SettingsPlugin-Ofono: init!
Sep  1 16:44:34 cu-cs-vm NetworkManager[1878]: <warn>  [1472769874.3277] SettingsPlugin-Ofono: file doesn't exist: /var/lib/ofono
Sep  1 16:44:34 cu-cs-vm NetworkManager[1878]: <info>  [1472769874.3277] SettingsPlugin-Ofono: end _init.
Sep  1 16:44:34 cu-cs-vm NetworkManager[1878]: <info>  [1472769874.3277] settings: loaded plugin ofono: (C) 2013-2016 Canonical Ltd.  To report bugs please use the NetworkManager mailing list. (/usr/lib/x86_64-linux-gnu/NetworkManager/libnm-settings-plugin-ofono.so)
Sep  1 16:44:34 cu-cs-vm polkitd[2024]: started daemon version 0.105 using authority implementation `local' version `0.105'
Sep  1 16:44:34 cu-cs-vm NetworkManager[1878]: <info>  [1472769874.3277] (32506704) ... get_connections.
Sep  1 16:44:34 cu-cs-vm NetworkManager[1878]: <info>  [1472769874.3278] (32506704) ... get_connections (managed=false): return empty list.
Sep  1 16:44:34 cu-cs-vm dbus[1769]: [system] Successfully activated service 'org.freedesktop.PolicyKit1'
Sep  1 16:44:34 cu-cs-vm NetworkManager[1878]: <info>  [1472769874.3278] SettingsPlugin-Ofono: (32506928) ... get_connections.
Sep  1 16:44:34 cu-cs-vm NetworkManager[1878]: <info>  [1472769874.3278] SettingsPlugin-Ofono: (32506928) connections count: 0
Sep  1 16:44:34 cu-cs-vm NetworkManager[1878]: <info>  [1472769874.3278] get unmanaged devices count: 0
Sep  1 16:44:34 cu-cs-vm accounts-daemon[1862]: started daemon version 0.6.40
Sep  1 16:44:34 cu-cs-vm systemd[1]: Starting Light Display Manager...
Sep  1 16:44:34 cu-cs-vm systemd[1]: Started OpenBSD Secure Shell server.
Sep  1 16:44:34 cu-cs-vm systemd[1]: Started vboxadd-x11.service.
Sep  1 16:44:34 cu-cs-vm systemd[1]: Started Network Manager Script Dispatcher Service.
Sep  1 16:44:34 cu-cs-vm systemd[1]: Started LSB: Load kernel image with kexec.
Sep  1 16:44:34 cu-cs-vm systemd[1]: Started Authenticate and Authorize Users to Run Privileged Tasks.
Sep  1 16:44:34 cu-cs-vm systemd[1]: Started Accounts Service.
Sep  1 16:44:34 cu-cs-vm systemd[1]: Started Modem Manager.
Sep  1 16:44:34 cu-cs-vm systemd[1]: Starting Hostname Service...
Sep  1 16:44:34 cu-cs-vm systemd[1]: Started Light Display Manager.
Sep  1 16:44:34 cu-cs-vm dbus[1769]: [system] Successfully activated service 'org.freedesktop.hostname1'
Sep  1 16:44:34 cu-cs-vm systemd[1]: Started Hostname Service.
Sep  1 16:44:34 cu-cs-vm NetworkManager[1878]: <info>  [1472769874.5709] settings: hostname: using hostnamed
Sep  1 16:44:34 cu-cs-vm NetworkManager[1878]: <info>  [1472769874.5710] settings: hostname changed from (none) to "cu-cs-vm"
Sep  1 16:44:34 cu-cs-vm NetworkManager[1878]: <info>  [1472769874.5714] Using DHCP client 'dhclient'
Sep  1 16:44:34 cu-cs-vm NetworkManager[1878]: <info>  [1472769874.5714] manager: WiFi enabled by radio killswitch; enabled by state file
Sep  1 16:44:34 cu-cs-vm NetworkManager[1878]: <info>  [1472769874.5715] manager: WWAN enabled by radio killswitch; enabled by state file
Sep  1 16:44:34 cu-cs-vm NetworkManager[1878]: <info>  [1472769874.5715] manager: Networking is enabled by state file
Sep  1 16:44:34 cu-cs-vm NetworkManager[1878]: <info>  [1472769874.5716] Loaded device plugin: NMVxlanFactory (internal)
Sep  1 16:44:34 cu-cs-vm NetworkManager[1878]: <info>  [1472769874.5716] Loaded device plugin: NMVlanFactory (internal)
Sep  1 16:44:34 cu-cs-vm NetworkManager[1878]: <info>  [1472769874.5717] Loaded device plugin: NMVethFactory (internal)
Sep  1 16:44:34 cu-cs-vm NetworkManager[1878]: <info>  [1472769874.5717] Loaded device plugin: NMTunFactory (internal)
Sep  1 16:44:34 cu-cs-vm NetworkManager[1878]: <info>  [1472769874.5717] Loaded device plugin: NMMacvlanFactory (internal)
Sep  1 16:44:34 cu-cs-vm NetworkManager[1878]: <info>  [1472769874.5717] Loaded device plugin: NMIPTunnelFactory (internal)
Sep  1 16:44:34 cu-cs-vm NetworkManager[1878]: <info>  [1472769874.5718] Loaded device plugin: NMInfinibandFactory (internal)
Sep  1 16:44:34 cu-cs-vm NetworkManager[1878]: <info>  [1472769874.5718] Loaded device plugin: NMEthernetFactory (internal)
Sep  1 16:44:34 cu-cs-vm NetworkManager[1878]: <info>  [1472769874.5718] Loaded device plugin: NMBridgeFactory (internal)
Sep  1 16:44:34 cu-cs-vm NetworkManager[1878]: <info>  [1472769874.5718] Loaded device plugin: NMBondFactory (internal)
Sep  1 16:44:34 cu-cs-vm nm-dispatcher: req:1 'hostname': new request (1 scripts)
Sep  1 16:44:34 cu-cs-vm NetworkManager[1878]: <info>  [1472769874.5765] Loaded device plugin: NMAtmManager (/usr/lib/x86_64-linux-gnu/NetworkManager/libnm-device-plugin-adsl.so)
Sep  1 16:44:34 cu-cs-vm nm-dispatcher: req:1 'hostname': start running ordered scripts...
Sep  1 16:44:34 cu-cs-vm NetworkManager[1878]: <info>  [1472769874.5935] Loaded device plugin: NMBluezManager (/usr/lib/x86_64-linux-gnu/NetworkManager/libnm-device-plugin-bluetooth.so)
Sep  1 16:44:34 cu-cs-vm NetworkManager[1878]: <info>  [1472769874.5989] Loaded device plugin: NMWifiFactory (/usr/lib/x86_64-linux-gnu/NetworkManager/libnm-device-plugin-wifi.so)
Sep  1 16:44:34 cu-cs-vm NetworkManager[1878]: <info>  [1472769874.6025] Loaded device plugin: NMWwanFactory (/usr/lib/x86_64-linux-gnu/NetworkManager/libnm-device-plugin-wwan.so)
Sep  1 16:44:34 cu-cs-vm NetworkManager[1878]: nm_device_get_device_type: assertion 'NM_IS_DEVICE (self)' failed
Sep  1 16:44:34 cu-cs-vm NetworkManager[1878]: <info>  [1472769874.6033] device (lo): link connected
Sep  1 16:44:34 cu-cs-vm NetworkManager[1878]: <info>  [1472769874.6041] manager: (lo): new Generic device (/org/freedesktop/NetworkManager/Devices/0)
Sep  1 16:44:34 cu-cs-vm NetworkManager[1878]: <info>  [1472769874.6055] manager: (enp0s3): new Ethernet device (/org/freedesktop/NetworkManager/Devices/1)
Sep  1 16:44:34 cu-cs-vm NetworkManager[1878]: <info>  [1472769874.6087] keyfile: add connection in-memory (8c3107d4-acc1-4f74-82ab-bf91d13316df,"Wired connection 1")
Sep  1 16:44:34 cu-cs-vm NetworkManager[1878]: <info>  [1472769874.6099] settings: (enp0s3): created default wired connection 'Wired connection 1'
Sep  1 16:44:34 cu-cs-vm NetworkManager[1878]: <info>  [1472769874.6120] device (enp0s3): state change: unmanaged -> unavailable (reason 'managed') [10 20 2]
Sep  1 16:44:34 cu-cs-vm kernel: [    8.172685] IPv6: ADDRCONF(NETDEV_UP): enp0s3: link is not ready
Sep  1 16:44:34 cu-cs-vm kernel: [    8.175389] IPv6: ADDRCONF(NETDEV_UP): enp0s3: link is not ready
Sep  1 16:44:34 cu-cs-vm NetworkManager[1878]: <info>  [1472769874.6172] device (enp0s3): link connected
Sep  1 16:44:34 cu-cs-vm kernel: [    8.175867] e1000: enp0s3 NIC Link is Up 1000 Mbps Full Duplex, Flow Control: RX
Sep  1 16:44:34 cu-cs-vm kernel: [    8.176283] IPv6: ADDRCONF(NETDEV_CHANGE): enp0s3: link becomes ready
Sep  1 16:44:34 cu-cs-vm NetworkManager[1878]: <info>  [1472769874.6273] urfkill disappeared from the bus
Sep  1 16:44:34 cu-cs-vm NetworkManager[1878]: <info>  [1472769874.6329] device (enp0s3): state change: unavailable -> disconnected (reason 'none') [20 30 0]
Sep  1 16:44:34 cu-cs-vm NetworkManager[1878]: <info>  [1472769874.6350] policy: auto-activating connection 'Wired connection 1'
Sep  1 16:44:34 cu-cs-vm NetworkManager[1878]: <info>  [1472769874.6363] device (enp0s3): Activation: starting connection 'Wired connection 1' (8c3107d4-acc1-4f74-82ab-bf91d13316df)
Sep  1 16:44:34 cu-cs-vm NetworkManager[1878]: <info>  [1472769874.6384] device (enp0s3): state change: disconnected -> prepare (reason 'none') [30 40 0]
Sep  1 16:44:34 cu-cs-vm NetworkManager[1878]: <info>  [1472769874.6386] manager: NetworkManager state is now CONNECTING
Sep  1 16:44:34 cu-cs-vm NetworkManager[1878]: <info>  [1472769874.6414] device (enp0s3): state change: prepare -> config (reason 'none') [40 50 0]
Sep  1 16:44:34 cu-cs-vm whoopsie[1803]: [16:44:34] offline
Sep  1 16:44:34 cu-cs-vm NetworkManager[1878]: <info>  [1472769874.6453] ofono is now available
Sep  1 16:44:34 cu-cs-vm NetworkManager[1878]: <info>  [1472769874.6538] ModemManager available in the bus
Sep  1 16:44:34 cu-cs-vm NetworkManager[1878]: <warn>  [1472769874.6539] failed to enumerate oFono devices: GDBus.Error:org.freedesktop.DBus.Error.ServiceUnknown: The name org.ofono was not provided by any .service files
Sep  1 16:44:34 cu-cs-vm NetworkManager[1878]: <info>  [1472769874.6540] device (enp0s3): state change: config -> ip-config (reason 'none') [50 70 0]
Sep  1 16:44:34 cu-cs-vm NetworkManager[1878]: <info>  [1472769874.6585] dhcp4 (enp0s3): activation: beginning transaction (timeout in 45 seconds)
Sep  1 16:44:34 cu-cs-vm NetworkManager[1878]: <info>  [1472769874.6789] dhcp4 (enp0s3): dhclient started with pid 2091
Sep  1 16:44:34 cu-cs-vm vboxadd.sh: .
Sep  1 16:44:34 cu-cs-vm systemd[1]: Started vboxadd.service.
Sep  1 16:44:34 cu-cs-vm systemd[1]: Starting vboxadd-service.service...
Sep  1 16:44:34 cu-cs-vm vboxadd-service[2095]: vboxadd-service.sh: Starting VirtualBox Guest Addition service.
Sep  1 16:44:34 cu-cs-vm vboxadd-service.sh: Starting VirtualBox Guest Addition service.
Sep  1 16:44:34 cu-cs-vm dhclient[2091]: DHCPDISCOVER on enp0s3 to 255.255.255.255 port 67 interval 3 (xid=0x3c8f1f21)
Sep  1 16:44:34 cu-cs-vm dhclient[2091]: DHCPREQUEST of 10.0.2.15 on enp0s3 to 255.255.255.255 port 67 (xid=0x211f8f3c)
Sep  1 16:44:34 cu-cs-vm dhclient[2091]: DHCPOFFER of 10.0.2.15 from 10.0.2.2
Sep  1 16:44:34 cu-cs-vm dhclient[2091]: DHCPACK of 10.0.2.15 from 10.0.2.2
Sep  1 16:44:34 cu-cs-vm kernel: [    8.332914] VBoxService 5.1.2 r108956 (verbosity: 0) linux.amd64 (Jul 21 2016 17:47:02) release log
Sep  1 16:44:34 cu-cs-vm kernel: [    8.332914] 00:00:00.000068 main     Log opened 2016-09-01T22:44:34.772498000Z
Sep  1 16:44:34 cu-cs-vm kernel: [    8.333118] 00:00:00.000676 main     OS Product: Linux
Sep  1 16:44:34 cu-cs-vm kernel: [    8.333282] 00:00:00.000846 main     OS Release: 4.4.0-34-generic
Sep  1 16:44:34 cu-cs-vm kernel: [    8.333305] 00:00:00.000883 main     OS Version: #53-Ubuntu SMP Wed Jul 27 16:06:39 UTC 2016
Sep  1 16:44:34 cu-cs-vm kernel: [    8.333360] 00:00:00.000905 main     Executable: /opt/VBoxGuestAdditions-5.1.2/sbin/VBoxService
Sep  1 16:44:34 cu-cs-vm kernel: [    8.333360] 00:00:00.000906 main     Process ID: 2106
Sep  1 16:44:34 cu-cs-vm kernel: [    8.333360] 00:00:00.000907 main     Package type: LINUX_64BITS_GENERIC
Sep  1 16:44:34 cu-cs-vm NetworkManager[1878]: <info>  [1472769874.7856]   address 10.0.2.15
Sep  1 16:44:34 cu-cs-vm NetworkManager[1878]: <info>  [1472769874.7857]   plen 24 (255.255.255.0)
Sep  1 16:44:34 cu-cs-vm NetworkManager[1878]: <info>  [1472769874.7857]   gateway 10.0.2.2
Sep  1 16:44:34 cu-cs-vm NetworkManager[1878]: <info>  [1472769874.7859]   server identifier 10.0.2.2
Sep  1 16:44:34 cu-cs-vm NetworkManager[1878]: <info>  [1472769874.7860]   lease time 86400
Sep  1 16:44:34 cu-cs-vm NetworkManager[1878]: <info>  [1472769874.7860]   nameserver '192.168.1.1'
Sep  1 16:44:34 cu-cs-vm kernel: [    8.346845] 00:00:00.014395 main     5.1.2 r108956 started. Verbose level = 0
Sep  1 16:44:34 cu-cs-vm NetworkManager[1878]: <info>  [1472769874.7860] dhcp4 (enp0s3): state changed unknown -> bound
Sep  1 16:44:34 cu-cs-vm avahi-daemon[1875]: Joining mDNS multicast group on interface enp0s3.IPv4 with address 10.0.2.15.
Sep  1 16:44:34 cu-cs-vm vboxadd-service.sh: VirtualBox Guest Addition service started.
Sep  1 16:44:34 cu-cs-vm avahi-daemon[1875]: New relevant interface enp0s3.IPv4 for mDNS.
Sep  1 16:44:34 cu-cs-vm avahi-daemon[1875]: Registering new address record for 10.0.2.15 on enp0s3.IPv4.
Sep  1 16:44:34 cu-cs-vm systemd[1]: Started vboxadd-service.service.
Sep  1 16:44:34 cu-cs-vm NetworkManager[1878]: <info>  [1472769874.7930] device (enp0s3): state change: ip-config -> ip-check (reason 'none') [70 80 0]
Sep  1 16:44:34 cu-cs-vm whoopsie[1803]: [16:44:34] Cannot reach: https://daisy.ubuntu.com
Sep  1 16:44:34 cu-cs-vm NetworkManager[1878]: <info>  [1472769874.8076] device (enp0s3): state change: ip-check -> secondaries (reason 'none') [80 90 0]
Sep  1 16:44:34 cu-cs-vm NetworkManager[1878]: <info>  [1472769874.8128] device (enp0s3): state change: secondaries -> activated (reason 'none') [90 100 0]
Sep  1 16:44:34 cu-cs-vm NetworkManager[1878]: <info>  [1472769874.8136] manager: NetworkManager state is now CONNECTED_LOCAL
Sep  1 16:44:34 cu-cs-vm NetworkManager[1878]: <info>  [1472769874.8148] manager: NetworkManager state is now CONNECTED_GLOBAL
Sep  1 16:44:34 cu-cs-vm NetworkManager[1878]: <info>  [1472769874.8158] policy: set 'Wired connection 1' (enp0s3) as default for IPv4 routing and DNS
Sep  1 16:44:34 cu-cs-vm NetworkManager[1878]: <info>  [1472769874.8160] DNS: starting dnsmasq...
Sep  1 16:44:34 cu-cs-vm dhclient[2091]: bound to 10.0.2.15 -- renewal in 42068 seconds.
Sep  1 16:44:34 cu-cs-vm NetworkManager[1878]: <warn>  [1472769874.8259] dnsmasq[0x1ec5340]: dnsmasq not found on the bus. The nameserver update will be sent when dnsmasq appears
Sep  1 16:44:34 cu-cs-vm dnsmasq[2132]: started, version 2.75 cache disabled
Sep  1 16:44:34 cu-cs-vm dnsmasq[2132]: compile time options: IPv6 GNU-getopt DBus i18n IDN DHCP DHCPv6 no-Lua TFTP conntrack ipset auth DNSSEC loop-detect inotify
Sep  1 16:44:34 cu-cs-vm dnsmasq[2132]: DBus support enabled: connected to system bus
Sep  1 16:44:34 cu-cs-vm dnsmasq[2132]: warning: no upstream servers configured
Sep  1 16:44:34 cu-cs-vm NetworkManager[1878]: <info>  [1472769874.8294] dns-mgr: Writing DNS information to /sbin/resolvconf
Sep  1 16:44:34 cu-cs-vm NetworkManager[1878]: <info>  [1472769874.9227] device (enp0s3): Activation: successful, device activated.
Sep  1 16:44:34 cu-cs-vm nm-dispatcher: req:2 'up' [enp0s3]: new request (1 scripts)
Sep  1 16:44:34 cu-cs-vm nm-dispatcher: req:2 'up' [enp0s3]: start running ordered scripts...
Sep  1 16:44:34 cu-cs-vm whoopsie[1803]: [16:44:34] The default IPv4 route is: /org/freedesktop/NetworkManager/ActiveConnection/0
Sep  1 16:44:34 cu-cs-vm dnsmasq[2132]: setting upstream servers from DBus
Sep  1 16:44:34 cu-cs-vm dnsmasq[2132]: using nameserver 192.168.1.1#53
Sep  1 16:44:34 cu-cs-vm whoopsie[1803]: [16:44:34] Not a paid data plan: /org/freedesktop/NetworkManager/ActiveConnection/0
Sep  1 16:44:34 cu-cs-vm whoopsie[1803]: [16:44:34] Found usable connection: /org/freedesktop/NetworkManager/ActiveConnection/0
Sep  1 16:44:34 cu-cs-vm systemd[1]: Created slice User Slice of user.
Sep  1 16:44:34 cu-cs-vm whoopsie[1803]: [16:44:34] online
Sep  1 16:44:34 cu-cs-vm systemd[1]: Starting User Manager for UID 1000...
Sep  1 16:44:34 cu-cs-vm systemd[1]: Started Session c1 of user user.
Sep  1 16:44:35 cu-cs-vm systemd[2207]: Reached target Paths.
Sep  1 16:44:35 cu-cs-vm systemd[2207]: Reached target Timers.
Sep  1 16:44:35 cu-cs-vm systemd[2207]: Reached target Sockets.
Sep  1 16:44:35 cu-cs-vm systemd[2207]: Reached target Basic System.
Sep  1 16:44:35 cu-cs-vm systemd[2207]: Reached target Default.
Sep  1 16:44:35 cu-cs-vm systemd[2207]: Startup finished in 20ms.
Sep  1 16:44:35 cu-cs-vm systemd[1]: Started User Manager for UID 1000.
Sep  1 16:44:35 cu-cs-vm systemd[1]: Reloading OpenBSD Secure Shell server.
Sep  1 16:44:35 cu-cs-vm systemd[1]: Reloaded OpenBSD Secure Shell server.
Sep  1 16:44:35 cu-cs-vm systemd[1]: Reloading OpenBSD Secure Shell server.
Sep  1 16:44:35 cu-cs-vm systemd[1]: Reloaded OpenBSD Secure Shell server.
Sep  1 16:44:35 cu-cs-vm kernel: [    8.966937] floppy0: no floppy controllers found
Sep  1 16:44:35 cu-cs-vm kernel: [    8.967003] work still pending
Sep  1 16:44:36 cu-cs-vm avahi-daemon[1875]: Joining mDNS multicast group on interface enp0s3.IPv6 with address fe80::b1f2:8f38:1940:a79d.
Sep  1 16:44:36 cu-cs-vm avahi-daemon[1875]: New relevant interface enp0s3.IPv6 for mDNS.
Sep  1 16:44:36 cu-cs-vm avahi-daemon[1875]: Registering new address record for fe80::b1f2:8f38:1940:a79d on enp0s3.*.
Sep  1 16:44:36 cu-cs-vm ModemManager[1814]: <info>  Couldn't find support for device at '/sys/devices/pci0000:00/0000:00:03.0': not supported by any plugin
Sep  1 16:44:36 cu-cs-vm dbus[1769]: [system] Activating via systemd: service name='org.freedesktop.UPower' unit='upower.service'
Sep  1 16:44:36 cu-cs-vm systemd[1]: Starting Daemon for power management...
Sep  1 16:44:36 cu-cs-vm dbus[1769]: [system] Successfully activated service 'org.freedesktop.UPower'
Sep  1 16:44:36 cu-cs-vm systemd[1]: Started Daemon for power management.
Sep  1 16:44:36 cu-cs-vm dbus[1769]: [system] Activating via systemd: service name='org.freedesktop.RealtimeKit1' unit='rtkit-daemon.service'
Sep  1 16:44:36 cu-cs-vm systemd[1]: Starting RealtimeKit Scheduling Policy Service...
Sep  1 16:44:36 cu-cs-vm dbus[1769]: [system] Successfully activated service 'org.freedesktop.RealtimeKit1'
Sep  1 16:44:36 cu-cs-vm systemd[1]: Started RealtimeKit Scheduling Policy Service.
Sep  1 16:44:36 cu-cs-vm rtkit-daemon[2638]: Successfully called chroot.
Sep  1 16:44:36 cu-cs-vm rtkit-daemon[2638]: Successfully dropped privileges.
Sep  1 16:44:36 cu-cs-vm rtkit-daemon[2638]: Successfully limited resources.
Sep  1 16:44:36 cu-cs-vm rtkit-daemon[2638]: Running.
Sep  1 16:44:36 cu-cs-vm rtkit-daemon[2638]: Watchdog thread running.
Sep  1 16:44:36 cu-cs-vm rtkit-daemon[2638]: Canary thread running.
Sep  1 16:44:36 cu-cs-vm rtkit-daemon[2638]: Successfully made thread 2635 of process 2635 (n/a) owned by '1000' high priority at nice level -11.
Sep  1 16:44:36 cu-cs-vm rtkit-daemon[2638]: Supervising 1 threads of 1 processes of 1 users.
Sep  1 16:44:36 cu-cs-vm pulseaudio[2635]: [pulseaudio] alsa-util.c: Disabling timer-based scheduling because running inside a VM.
Sep  1 16:44:36 cu-cs-vm pulseaudio[2635]: [pulseaudio] sink.c: Default and alternate sample rates are the same.
Sep  1 16:44:36 cu-cs-vm rtkit-daemon[2638]: Supervising 1 threads of 1 processes of 1 users.
Sep  1 16:44:36 cu-cs-vm rtkit-daemon[2638]: Successfully made thread 2656 of process 2635 (n/a) owned by '1000' RT at priority 5.
Sep  1 16:44:36 cu-cs-vm rtkit-daemon[2638]: Supervising 2 threads of 1 processes of 1 users.
Sep  1 16:44:36 cu-cs-vm pulseaudio[2635]: [pulseaudio] alsa-util.c: Disabling timer-based scheduling because running inside a VM.
Sep  1 16:44:36 cu-cs-vm rtkit-daemon[2638]: Supervising 2 threads of 1 processes of 1 users.
Sep  1 16:44:36 cu-cs-vm rtkit-daemon[2638]: Successfully made thread 2658 of process 2635 (n/a) owned by '1000' RT at priority 5.
Sep  1 16:44:36 cu-cs-vm rtkit-daemon[2638]: Supervising 3 threads of 1 processes of 1 users.
Sep  1 16:44:36 cu-cs-vm rtkit-daemon[2638]: Successfully made thread 2667 of process 2667 (n/a) owned by '1000' high priority at nice level -11.
Sep  1 16:44:36 cu-cs-vm rtkit-daemon[2638]: Supervising 4 threads of 2 processes of 1 users.
Sep  1 16:44:37 cu-cs-vm pulseaudio[2667]: [pulseaudio] pid.c: Daemon already running.
Sep  1 16:44:37 cu-cs-vm org.a11y.Bus[2430]: Activating service name='org.a11y.atspi.Registry'
Sep  1 16:44:37 cu-cs-vm org.a11y.Bus[2430]: ** (process:2665): WARNING **: Failed to register client: GDBus.Error:org.freedesktop.DBus.Error.ServiceUnknown: The name org.gnome.SessionManager was not provided by any .service files
Sep  1 16:44:37 cu-cs-vm org.a11y.Bus[2430]: Successfully activated service 'org.a11y.atspi.Registry'
Sep  1 16:44:37 cu-cs-vm org.a11y.atspi.Registry[2672]: SpiRegistry daemon is running with well-known name - org.a11y.atspi.Registry
Sep  1 16:44:37 cu-cs-vm dbus[1769]: [system] Activating via systemd: service name='org.freedesktop.UDisks2' unit='udisks2.service'
Sep  1 16:44:37 cu-cs-vm systemd[1]: Starting Disk Manager...
Sep  1 16:44:37 cu-cs-vm udisksd[2728]: udisks daemon version 2.1.7 starting
Sep  1 16:44:37 cu-cs-vm dbus[1769]: [system] Successfully activated service 'org.freedesktop.UDisks2'
Sep  1 16:44:37 cu-cs-vm systemd[1]: Started Disk Manager.
Sep  1 16:44:37 cu-cs-vm udisksd[2728]: Acquired the name org.freedesktop.UDisks2 on the system message bus
Sep  1 16:44:37 cu-cs-vm kernel: [   11.396411] random: nonblocking pool is initialized
Sep  1 16:44:37 cu-cs-vm org.gtk.vfs.AfcVolumeMonitor[2430]: Volume monitor alive
Sep  1 16:44:38 cu-cs-vm dbus[1769]: [system] Activating via systemd: service name='org.bluez' unit='dbus-org.bluez.service'
Sep  1 16:44:39 cu-cs-vm NetworkManager[1878]: <info>  [1472769879.6670] manager: startup complete
Sep  1 16:44:39 cu-cs-vm systemd[1]: Started Network Manager Wait Online.
Sep  1 16:44:39 cu-cs-vm systemd[1]: Reached target Network is Online.
Sep  1 16:44:39 cu-cs-vm systemd[1]: Starting LSB: disk temperature monitoring daemon...
Sep  1 16:44:39 cu-cs-vm systemd[1]: Starting /etc/rc.local Compatibility...
Sep  1 16:44:39 cu-cs-vm systemd[1]: Started /etc/rc.local Compatibility.
Sep  1 16:44:39 cu-cs-vm systemd[1]: Starting Hold until boot process finishes up...
Sep  1 16:44:39 cu-cs-vm systemd[1]: Started Hold until boot process finishes up.
Sep  1 16:44:39 cu-cs-vm systemd[1]: Started LSB: disk temperature monitoring daemon.
Sep  1 16:44:39 cu-cs-vm systemd[1]: Starting Set console scheme...
Sep  1 16:44:39 cu-cs-vm systemd[1]: Started Getty on tty1.
Sep  1 16:44:39 cu-cs-vm systemd[1]: Reached target Login Prompts.
Sep  1 16:44:39 cu-cs-vm systemd[1]: Reached target Multi-User System.
Sep  1 16:44:39 cu-cs-vm systemd[1]: Reached target Graphical Interface.
Sep  1 16:44:39 cu-cs-vm systemd[1]: Starting Update UTMP about System Runlevel Changes...
Sep  1 16:44:39 cu-cs-vm systemd[1]: Started Set console scheme.
Sep  1 16:44:39 cu-cs-vm systemd[1]: Started Update UTMP about System Runlevel Changes.
Sep  1 16:44:39 cu-cs-vm systemd[1]: Startup finished in 4.766s (kernel) + 8.324s (userspace) = 13.091s.
Sep  1 16:44:39 cu-cs-vm systemd[1]: Started Daemon for generating UUIDs.
Sep  1 16:44:43 cu-cs-vm NetworkManager[1878]: <info>  [1472769883.6713] WiFi hardware radio set enabled
Sep  1 16:44:43 cu-cs-vm NetworkManager[1878]: <info>  [1472769883.6714] WWAN hardware radio set enabled
Sep  1 16:45:03 cu-cs-vm dbus[1769]: [system] Activating service name='org.blueman.Mechanism' (using servicehelper)
Sep  1 16:45:03 cu-cs-vm obexd[3134]: OBEX daemon 5.37
Sep  1 16:45:03 cu-cs-vm dbus[1769]: [system] Activating via systemd: service name='org.bluez' unit='dbus-org.bluez.service'
Sep  1 16:45:04 cu-cs-vm org.blueman.Mechanism[1769]: Failed to connect to Mir: Failed to connect to server socket: No such file or directory
Sep  1 16:45:04 cu-cs-vm org.blueman.Mechanism[1769]: Unable to init server: Could not connect: Connection refused
Sep  1 16:45:04 cu-cs-vm org.blueman.Mechanism[1769]: Failed to connect to Mir: Failed to connect to server socket: No such file or directory
Sep  1 16:45:04 cu-cs-vm org.blueman.Mechanism[1769]: Unable to init server: Could not connect: Connection refused
Sep  1 16:45:04 cu-cs-vm blueman-mechanism: Starting blueman-mechanism
Sep  1 16:45:04 cu-cs-vm dbus[1769]: [system] Successfully activated service 'org.blueman.Mechanism'
Sep  1 16:45:04 cu-cs-vm org.blueman.Mechanism[1769]: (blueman-mechanism:3130): Gtk-CRITICAL **: gtk_icon_theme_get_for_screen: assertion 'GDK_IS_SCREEN (screen)' failed
Sep  1 16:45:04 cu-cs-vm blueman-mechanism: loading Network
Sep  1 16:45:04 cu-cs-vm blueman-mechanism: loading Ppp
Sep  1 16:45:04 cu-cs-vm blueman-mechanism: loading RfKill
Sep  1 16:45:04 cu-cs-vm blueman-mechanism: loading Rfcomm
Sep  1 16:45:34 cu-cs-vm blueman-mechanism: Exiting
Sep  1 16:54:33 cu-cs-vm uptimed: moving up to position 5: 0 days, 00:10:07
Sep  1 16:59:57 cu-cs-vm systemd[1]: Starting Cleanup of Temporary Directories...
Sep  1 16:59:57 cu-cs-vm systemd-tmpfiles[3217]: [/usr/lib/tmpfiles.d/var.conf:14] Duplicate line for path "/var/log", ignoring.
Sep  1 16:59:57 cu-cs-vm systemd[1]: Started Cleanup of Temporary Directories.
Sep  1 17:04:33 cu-cs-vm uptimed: moving up to position 3: 0 days, 00:20:07
Sep  1 17:14:33 cu-cs-vm uptimed: moving up to position 2: 0 days, 00:30:07
Sep  1 17:17:01 cu-cs-vm CRON[3289]: (root) CMD (   cd / && run-parts --report /etc/cron.hourly)
Sep  1 18:04:33 cu-cs-vm uptimed: new uptime record: 0 days, 01:20:07
Sep  1 18:17:01 cu-cs-vm CRON[3429]: (root) CMD (   cd / && run-parts --report /etc/cron.hourly)
Sep  1 19:02:50 cu-cs-vm systemd[1]: Time has been changed
Sep  1 19:02:50 cu-cs-vm systemd[1]: snapd.refresh.timer: Adding 4h 38min 21.091858s random time.
Sep  1 19:02:50 cu-cs-vm systemd[1]: apt-daily.timer: Adding 7h 39min 48.621598s random time.
Sep  1 19:02:50 cu-cs-vm systemd[2207]: Time has been changed
Sep  1 19:17:01 cu-cs-vm CRON[8285]: (root) CMD (   cd / && run-parts --report /etc/cron.hourly)
Sep  1 19:25:00 cu-cs-vm vboxadd.sh: Building Guest Additions kernel modules.
Sep  1 19:25:00 cu-cs-vm vboxadd.sh: Building the VirtualBox Guest Additions kernel modules.
Sep  1 19:25:00 cu-cs-vm vboxadd.sh: Building the main Guest Additions module.
Sep  1 19:25:00 cu-cs-vm vboxadd.sh: Look at /var/log/vboxadd-install.log to find out what went wrong.
Sep  1 19:25:00 cu-cs-vm vboxadd.sh: Please check that you have gcc, make, the header files for your Linux kernel and possibly perl installed..
Sep  1 19:25:01 cu-cs-vm kernel: [ 7488.602702] SGI XFS with ACLs, security attributes, realtime, no debug enabled
Sep  1 19:25:01 cu-cs-vm kernel: [ 7488.616644] JFS: nTxBlock = 8192, nTxLock = 65536
Sep  1 19:25:01 cu-cs-vm kernel: [ 7488.630645] ntfs: driver 2.1.32 [Flags: R/O MODULE].
Sep  1 19:25:01 cu-cs-vm kernel: [ 7488.649208] QNX4 filesystem 0.2.3 registered.
Sep  1 19:25:09 cu-cs-vm systemd[1]: Stopping ACPI event daemon...
Sep  1 19:25:09 cu-cs-vm systemd[1]: Stopping Daemon for generating UUIDs...
Sep  1 19:25:09 cu-cs-vm systemd[1]: Starting Unattended Upgrades Shutdown...
Sep  1 19:25:09 cu-cs-vm systemd[1]: Stopping Session c1 of user user.
Sep  1 19:25:09 cu-cs-vm systemd[1]: Stopping Save/Restore Sound Card State...
Sep  1 19:25:09 cu-cs-vm systemd[1]: Stopping Disk Manager...
Sep  1 19:25:09 cu-cs-vm systemd[1]: Stopped target Sound Card.
Sep  1 19:25:09 cu-cs-vm systemd[1]: Stopped target Graphical Interface.
Sep  1 19:25:09 cu-cs-vm systemd[1]: Stopping Light Display Manager...
Sep  1 19:25:09 cu-cs-vm rsyslogd: [origin software="rsyslogd" swVersion="8.16.0" x-pid="1800" x-info="http://www.rsyslog.com"] exiting on signal 15.
Sep  1 19:26:12 cu-cs-vm rsyslogd: [origin software="rsyslogd" swVersion="8.16.0" x-pid="1727" x-info="http://www.rsyslog.com"] start
Sep  1 19:26:12 cu-cs-vm rsyslogd-2222: command 'KLogPermitNonKernelFacility' is currently not permitted - did you already set it via a RainerScript command (v6+ config)? [v8.16.0 try http://www.rsyslog.com/e/2222 ]
Sep  1 19:26:12 cu-cs-vm rsyslogd: rsyslogd's groupid changed to 108
Sep  1 19:26:12 cu-cs-vm rsyslogd: rsyslogd's userid changed to 104
Sep  1 19:26:12 cu-cs-vm systemd-modules-load[605]: Inserted module 'lp'
Sep  1 19:26:12 cu-cs-vm systemd-modules-load[605]: Inserted module 'ppdev'
Sep  1 19:26:12 cu-cs-vm systemd-modules-load[605]: Inserted module 'parport_pc'
Sep  1 19:26:12 cu-cs-vm loadkeys[611]: Loading /etc/console-setup/cached.kmap.gz
Sep  1 19:26:12 cu-cs-vm systemd[1]: Mounting FUSE Control File System...
Sep  1 19:26:12 cu-cs-vm systemd[1]: Starting Apply Kernel Variables...
Sep  1 19:26:12 cu-cs-vm systemd[1]: Starting Create Static Device Nodes in /dev...
Sep  1 19:26:12 cu-cs-vm systemd[1]: Mounted FUSE Control File System.
Sep  1 19:26:12 cu-cs-vm systemd[1]: Started Set console keymap.
Sep  1 19:26:12 cu-cs-vm systemd[1]: Started Apply Kernel Variables.
Sep  1 19:26:12 cu-cs-vm systemd[1]: Started Create Static Device Nodes in /dev.
Sep  1 19:26:12 cu-cs-vm systemd[1]: Starting udev Kernel Device Manager...
Sep  1 19:26:12 cu-cs-vm systemd[1]: Started udev Kernel Device Manager.
Sep  1 19:26:12 cu-cs-vm systemd[1]: Starting Remount Root and Kernel File Systems...
Sep  1 19:26:12 cu-cs-vm systemd[1]: Started Remount Root and Kernel File Systems.
Sep  1 19:26:12 cu-cs-vm systemd[1]: Starting Flush Journal to Persistent Storage...
Sep  1 19:26:12 cu-cs-vm systemd[1]: Reached target Local File Systems (Pre).
Sep  1 19:26:12 cu-cs-vm systemd[1]: Starting udev Coldplug all Devices...
Sep  1 19:26:12 cu-cs-vm systemd[1]: Starting Load/Save Random Seed...
Sep  1 19:26:12 cu-cs-vm systemd[1]: Started Load/Save Random Seed.
Sep  1 19:26:12 cu-cs-vm systemd[1]: Started Flush Journal to Persistent Storage.
Sep  1 19:26:12 cu-cs-vm systemd[1]: Started udev Coldplug all Devices.
Sep  1 19:26:12 cu-cs-vm systemd[1]: Started Dispatch Password Requests to Console Directory Watch.
Sep  1 19:26:12 cu-cs-vm mtp-probe: checking bus 1, device 2: "/sys/devices/pci0000:00/0000:00:06.0/usb1/1-1"
Sep  1 19:26:12 cu-cs-vm mtp-probe: bus: 1, device: 2 was not an MTP device
Sep  1 19:26:12 cu-cs-vm systemd-udevd[679]: Process '/lib/udev/hdparm' failed with exit code 5.
Sep  1 19:26:12 cu-cs-vm systemd[1]: Found device VBOX_HARDDISK 1.
Sep  1 19:26:12 cu-cs-vm systemd[1]: Starting File System Check on /dev/disk/by-uuid/7edb9fb6-5937-400b-b2d4-95dbf988ef57...
Sep  1 19:26:12 cu-cs-vm systemd[1]: Started File System Check Daemon to report status.
Sep  1 19:26:12 cu-cs-vm systemd[1]: Started File System Check on /dev/disk/by-uuid/7edb9fb6-5937-400b-b2d4-95dbf988ef57.
Sep  1 19:26:12 cu-cs-vm systemd[1]: Mounting /home...
Sep  1 19:26:12 cu-cs-vm systemd[1]: Mounted /home.
Sep  1 19:26:12 cu-cs-vm systemd[1]: Reached target Local File Systems.
Sep  1 19:26:12 cu-cs-vm systemd[1]: Starting Create Volatile Files and Directories...
Sep  1 19:26:12 cu-cs-vm systemd[1]: Starting Enable support for additional executable binary formats...
Sep  1 19:26:12 cu-cs-vm systemd[1]: Starting LSB: AppArmor initialization...
Sep  1 19:26:12 cu-cs-vm systemd[1]: Starting Set console font and keymap...
Sep  1 19:26:12 cu-cs-vm systemd-tmpfiles[1206]: [/usr/lib/tmpfiles.d/var.conf:14] Duplicate line for path "/var/log", ignoring.
Sep  1 19:26:12 cu-cs-vm systemd[1]: Starting Tell Plymouth To Write Out Runtime Data...
Sep  1 19:26:12 cu-cs-vm systemd[1]: Started Create Volatile Files and Directories.
Sep  1 19:26:12 cu-cs-vm systemd[1]: proc-sys-fs-binfmt_misc.automount: Got automount request for /proc/sys/fs/binfmt_misc, triggered by 1239 (update-binfmts)
Sep  1 19:26:12 cu-cs-vm systemd[1]: Started Tell Plymouth To Write Out Runtime Data.
Sep  1 19:26:12 cu-cs-vm systemd[1]: Mounting Arbitrary Executable File Formats File System...
Sep  1 19:26:12 cu-cs-vm systemd[1]: Starting Update UTMP about System Boot/Shutdown...
Sep  1 19:26:12 cu-cs-vm systemd[1]: Reached target System Time Synchronized.
Sep  1 19:26:12 cu-cs-vm systemd[1]: Mounted Arbitrary Executable File Formats File System.
Sep  1 19:26:12 cu-cs-vm systemd[1]: Started Enable support for additional executable binary formats.
Sep  1 19:26:12 cu-cs-vm systemd[1]: Started Update UTMP about System Boot/Shutdown.
Sep  1 19:26:12 cu-cs-vm apparmor[1240]:  * Starting AppArmor profiles
Sep  1 19:26:12 cu-cs-vm apparmor[1240]: Skipping profile in /etc/apparmor.d/disable: usr.bin.firefox
Sep  1 19:26:12 cu-cs-vm apparmor[1240]: Skipping profile in /etc/apparmor.d/disable: usr.sbin.rsyslogd
Sep  1 19:26:12 cu-cs-vm apparmor[1240]:    ...done.
Sep  1 19:26:12 cu-cs-vm systemd[1]: Started LSB: AppArmor initialization.
Sep  1 19:26:12 cu-cs-vm systemd[1]: Reached target Sound Card.
Sep  1 19:26:12 cu-cs-vm systemd[1]: Listening on Load/Save RF Kill Switch Status /dev/rfkill Watch.
Sep  1 19:26:12 cu-cs-vm systemd[1]: Starting Raise network interfaces...
Sep  1 19:26:12 cu-cs-vm systemd[1]: Reached target System Initialization.
Sep  1 19:26:12 cu-cs-vm systemd[1]: Listening on ACPID Listen Socket.
